../Core/Src/main.c:124:6:HAL_ADC_ConvCpltCallback	16	static
../Core/Src/main.c:130:6:readJoy	48	static
../Core/Src/main.c:159:6:readAccel	4	static
../Core/Src/main.c:166:6:HAL_TIM_IC_CaptureCallback	32	static
../Core/Src/main.c:284:6:RGB_setIntensity	16	static
../Core/Src/main.c:315:5:main	16	static
../Core/Src/main.c:417:6:SystemClock_Config	88	static
../Core/Src/main.c:464:13:MX_ADC1_Init	56	static
../Core/Src/main.c:548:13:MX_ADC2_Init	40	static
../Core/Src/main.c:616:13:MX_SPI1_Init	8	static
../Core/Src/main.c:656:13:MX_SPI2_Init	8	static
../Core/Src/main.c:696:13:MX_TIM1_Init	120	static
../Core/Src/main.c:786:13:MX_TIM2_Init	40	static
../Core/Src/main.c:843:13:MX_TIM8_Init	104	static
../Core/Src/main.c:923:13:MX_USART3_UART_Init	8	static
../Core/Src/main.c:971:13:MX_GPIO_Init	40	static
../Core/Src/main.c:1046:6:Error_Handler	4	static,ignoring_inline_asm
