Archive member included to satisfy reference by file (symbol)

c:/programdata/chocolatey/lib/gcc-arm-embedded/tools/gcc-arm-none-eabi-10-2020-q4-major/bin/../lib/gcc/arm-none-eabi/10.2.1/../../../../arm-none-eabi/lib/thumb/v7e-m+fp/hard\libc_nano.a(lib_a-errno.o)
                              build/sysmem.o (__errno)
c:/programdata/chocolatey/lib/gcc-arm-embedded/tools/gcc-arm-none-eabi-10-2020-q4-major/bin/../lib/gcc/arm-none-eabi/10.2.1/../../../../arm-none-eabi/lib/thumb/v7e-m+fp/hard\libc_nano.a(lib_a-exit.o)
                              c:/programdata/chocolatey/lib/gcc-arm-embedded/tools/gcc-arm-none-eabi-10-2020-q4-major/bin/../lib/gcc/arm-none-eabi/10.2.1/../../../../arm-none-eabi/lib/thumb/v7e-m+fp/hard/crt0.o (exit)
c:/programdata/chocolatey/lib/gcc-arm-embedded/tools/gcc-arm-none-eabi-10-2020-q4-major/bin/../lib/gcc/arm-none-eabi/10.2.1/../../../../arm-none-eabi/lib/thumb/v7e-m+fp/hard\libc_nano.a(lib_a-impure.o)
                              c:/programdata/chocolatey/lib/gcc-arm-embedded/tools/gcc-arm-none-eabi-10-2020-q4-major/bin/../lib/gcc/arm-none-eabi/10.2.1/../../../../arm-none-eabi/lib/thumb/v7e-m+fp/hard\libc_nano.a(lib_a-exit.o) (_global_impure_ptr)
c:/programdata/chocolatey/lib/gcc-arm-embedded/tools/gcc-arm-none-eabi-10-2020-q4-major/bin/../lib/gcc/arm-none-eabi/10.2.1/../../../../arm-none-eabi/lib/thumb/v7e-m+fp/hard\libc_nano.a(lib_a-init.o)
                              c:/programdata/chocolatey/lib/gcc-arm-embedded/tools/gcc-arm-none-eabi-10-2020-q4-major/bin/../lib/gcc/arm-none-eabi/10.2.1/../../../../arm-none-eabi/lib/thumb/v7e-m+fp/hard/crt0.o (__libc_init_array)
c:/programdata/chocolatey/lib/gcc-arm-embedded/tools/gcc-arm-none-eabi-10-2020-q4-major/bin/../lib/gcc/arm-none-eabi/10.2.1/../../../../arm-none-eabi/lib/thumb/v7e-m+fp/hard\libc_nano.a(lib_a-memset.o)
                              c:/programdata/chocolatey/lib/gcc-arm-embedded/tools/gcc-arm-none-eabi-10-2020-q4-major/bin/../lib/gcc/arm-none-eabi/10.2.1/../../../../arm-none-eabi/lib/thumb/v7e-m+fp/hard/crt0.o (memset)
c:/programdata/chocolatey/lib/gcc-arm-embedded/tools/gcc-arm-none-eabi-10-2020-q4-major/bin/../lib/gcc/arm-none-eabi/10.2.1/../../../../arm-none-eabi/lib/thumb/v7e-m+fp/hard\libm.a(lib_a-s_cos.o)
                              build/motor.o (cos)
c:/programdata/chocolatey/lib/gcc-arm-embedded/tools/gcc-arm-none-eabi-10-2020-q4-major/bin/../lib/gcc/arm-none-eabi/10.2.1/../../../../arm-none-eabi/lib/thumb/v7e-m+fp/hard\libm.a(lib_a-s_round.o)
                              build/motor.o (round)
c:/programdata/chocolatey/lib/gcc-arm-embedded/tools/gcc-arm-none-eabi-10-2020-q4-major/bin/../lib/gcc/arm-none-eabi/10.2.1/../../../../arm-none-eabi/lib/thumb/v7e-m+fp/hard\libm.a(lib_a-s_sin.o)
                              build/motor.o (sin)
c:/programdata/chocolatey/lib/gcc-arm-embedded/tools/gcc-arm-none-eabi-10-2020-q4-major/bin/../lib/gcc/arm-none-eabi/10.2.1/../../../../arm-none-eabi/lib/thumb/v7e-m+fp/hard\libm.a(lib_a-e_rem_pio2.o)
                              c:/programdata/chocolatey/lib/gcc-arm-embedded/tools/gcc-arm-none-eabi-10-2020-q4-major/bin/../lib/gcc/arm-none-eabi/10.2.1/../../../../arm-none-eabi/lib/thumb/v7e-m+fp/hard\libm.a(lib_a-s_cos.o) (__ieee754_rem_pio2)
c:/programdata/chocolatey/lib/gcc-arm-embedded/tools/gcc-arm-none-eabi-10-2020-q4-major/bin/../lib/gcc/arm-none-eabi/10.2.1/../../../../arm-none-eabi/lib/thumb/v7e-m+fp/hard\libm.a(lib_a-k_cos.o)
                              c:/programdata/chocolatey/lib/gcc-arm-embedded/tools/gcc-arm-none-eabi-10-2020-q4-major/bin/../lib/gcc/arm-none-eabi/10.2.1/../../../../arm-none-eabi/lib/thumb/v7e-m+fp/hard\libm.a(lib_a-s_cos.o) (__kernel_cos)
c:/programdata/chocolatey/lib/gcc-arm-embedded/tools/gcc-arm-none-eabi-10-2020-q4-major/bin/../lib/gcc/arm-none-eabi/10.2.1/../../../../arm-none-eabi/lib/thumb/v7e-m+fp/hard\libm.a(lib_a-k_rem_pio2.o)
                              c:/programdata/chocolatey/lib/gcc-arm-embedded/tools/gcc-arm-none-eabi-10-2020-q4-major/bin/../lib/gcc/arm-none-eabi/10.2.1/../../../../arm-none-eabi/lib/thumb/v7e-m+fp/hard\libm.a(lib_a-e_rem_pio2.o) (__kernel_rem_pio2)
c:/programdata/chocolatey/lib/gcc-arm-embedded/tools/gcc-arm-none-eabi-10-2020-q4-major/bin/../lib/gcc/arm-none-eabi/10.2.1/../../../../arm-none-eabi/lib/thumb/v7e-m+fp/hard\libm.a(lib_a-k_sin.o)
                              c:/programdata/chocolatey/lib/gcc-arm-embedded/tools/gcc-arm-none-eabi-10-2020-q4-major/bin/../lib/gcc/arm-none-eabi/10.2.1/../../../../arm-none-eabi/lib/thumb/v7e-m+fp/hard\libm.a(lib_a-s_cos.o) (__kernel_sin)
c:/programdata/chocolatey/lib/gcc-arm-embedded/tools/gcc-arm-none-eabi-10-2020-q4-major/bin/../lib/gcc/arm-none-eabi/10.2.1/../../../../arm-none-eabi/lib/thumb/v7e-m+fp/hard\libm.a(lib_a-s_fabs.o)
                              c:/programdata/chocolatey/lib/gcc-arm-embedded/tools/gcc-arm-none-eabi-10-2020-q4-major/bin/../lib/gcc/arm-none-eabi/10.2.1/../../../../arm-none-eabi/lib/thumb/v7e-m+fp/hard\libm.a(lib_a-e_rem_pio2.o) (fabs)
[...]
Memory Configuration

Name             Origin             Length             Attributes
RAM              0x20000000         0x00008000         xrw
FLASH            0x08000000         0x00020000         xr
*default*        0x00000000         0xffffffff

Linker script and memory map

LOAD c:/programdata/chocolatey/lib/gcc-arm-embedded/tools/gcc-arm-none-eabi-10-2020-q4-major/bin/../lib/gcc/arm-none-eabi/10.2.1/thumb/v7e-m+fp/hard/crti.o
LOAD c:/programdata/chocolatey/lib/gcc-arm-embedded/tools/gcc-arm-none-eabi-10-2020-q4-major/bin/../lib/gcc/arm-none-eabi/10.2.1/thumb/v7e-m+fp/hard/crtbegin.o
LOAD c:/programdata/chocolatey/lib/gcc-arm-embedded/tools/gcc-arm-none-eabi-10-2020-q4-major/bin/../lib/gcc/arm-none-eabi/10.2.1/../../../../arm-none-eabi/lib/thumb/v7e-m+fp/hard/crt0.o
LOAD build/main.o
LOAD build/stm32g4xx_it.o
LOAD build/stm32g4xx_hal_msp.o
LOAD build/motor.o
LOAD build/stm32g4xx_hal_adc.o
LOAD build/stm32g4xx_hal_adc_ex.o
LOAD build/stm32g4xx_ll_adc.o
LOAD build/stm32g4xx_hal.o
LOAD build/stm32g4xx_hal_rcc.o
LOAD build/stm32g4xx_hal_rcc_ex.o
LOAD build/stm32g4xx_hal_flash.o
LOAD build/stm32g4xx_hal_flash_ex.o
LOAD build/stm32g4xx_hal_flash_ramfunc.o
LOAD build/stm32g4xx_hal_gpio.o
LOAD build/stm32g4xx_hal_exti.o
LOAD build/stm32g4xx_hal_dma.o
LOAD build/stm32g4xx_hal_dma_ex.o
LOAD build/stm32g4xx_hal_pwr.o
LOAD build/stm32g4xx_hal_pwr_ex.o
LOAD build/stm32g4xx_hal_cortex.o
LOAD build/stm32g4xx_hal_spi.o
LOAD build/stm32g4xx_hal_spi_ex.o
LOAD build/stm32g4xx_hal_tim.o
LOAD build/stm32g4xx_hal_tim_ex.o
LOAD build/stm32g4xx_hal_uart.o
LOAD build/stm32g4xx_hal_uart_ex.o
LOAD build/system_stm32g4xx.o
LOAD build/sysmem.o
LOAD build/syscalls.o
LOAD build/startup_stm32g431xx.o
LOAD c:/programdata/chocolatey/lib/gcc-arm-embedded/tools/gcc-arm-none-eabi-10-2020-q4-major/bin/../lib/gcc/arm-none-eabi/10.2.1/../../../../arm-none-eabi/lib/thumb/v7e-m+fp/hard\libc_nano.a
LOAD c:/programdata/chocolatey/lib/gcc-arm-embedded/tools/gcc-arm-none-eabi-10-2020-q4-major/bin/../lib/gcc/arm-none-eabi/10.2.1/../../../../arm-none-eabi/lib/thumb/v7e-m+fp/hard\libm.a
LOAD c:/programdata/chocolatey/lib/gcc-arm-embedded/tools/gcc-arm-none-eabi-10-2020-q4-major/bin/../lib/gcc/arm-none-eabi/10.2.1/../../../../arm-none-eabi/lib/thumb/v7e-m+fp/hard\libnosys.a
START GROUP
LOAD c:/programdata/chocolatey/lib/gcc-arm-embedded/tools/gcc-arm-none-eabi-10-2020-q4-major/bin/../lib/gcc/arm-none-eabi/10.2.1/thumb/v7e-m+fp/hard\libgcc.a
LOAD c:/programdata/chocolatey/lib/gcc-arm-embedded/tools/gcc-arm-none-eabi-10-2020-q4-major/bin/../lib/gcc/arm-none-eabi/10.2.1/../../../../arm-none-eabi/lib/thumb/v7e-m+fp/hard\libc_nano.a
END GROUP
START GROUP
LOAD c:/programdata/chocolatey/lib/gcc-arm-embedded/tools/gcc-arm-none-eabi-10-2020-q4-major/bin/../lib/gcc/arm-none-eabi/10.2.1/thumb/v7e-m+fp/hard\libgcc.a
LOAD c:/programdata/chocolatey/lib/gcc-arm-embedded/tools/gcc-arm-none-eabi-10-2020-q4-major/bin/../lib/gcc/arm-none-eabi/10.2.1/../../../../arm-none-eabi/lib/thumb/v7e-m+fp/hard\libc_nano.a
END GROUP
LOAD c:/programdata/chocolatey/lib/gcc-arm-embedded/tools/gcc-arm-none-eabi-10-2020-q4-major/bin/../lib/gcc/arm-none-eabi/10.2.1/thumb/v7e-m+fp/hard/crtend.o
LOAD c:/programdata/chocolatey/lib/gcc-arm-embedded/tools/gcc-arm-none-eabi-10-2020-q4-major/bin/../lib/gcc/arm-none-eabi/10.2.1/thumb/v7e-m+fp/hard/crtn.o
                0x20008000                _estack = (ORIGIN (RAM) + LENGTH (RAM))
                0x00000200                _Min_Heap_Size = 0x200
                0x00000400                _Min_Stack_Size = 0x400

.isr_vector     0x08000000      0x1d8
                0x08000000                . = ALIGN (0x4)
 *(.isr_vector)
 .isr_vector    0x08000000      0x1d8 build/startup_stm32g431xx.o
                0x08000000                g_pfnVectors
                0x080001d8                . = ALIGN (0x4)

.text           0x080001d8     0x70f4
                0x080001d8                . = ALIGN (0x4)
 *(.text)
 .text          0x080001d8       0x40 c:/programdata/chocolatey/lib/gcc-arm-embedded/tools/gcc-arm-none-eabi-10-2020-q4-major/bin/../lib/gcc/arm-none-eabi/10.2.1/thumb/v7e-m+fp/hard/crtbegin.o
 .text          0x08000218      0x378 c:/programdata/chocolatey/lib/gcc-arm-embedded/tools/gcc-arm-none-eabi-10-2020-q4-major/bin/../lib/gcc/arm-none-eabi/10.2.1/thumb/v7e-m+fp/hard\libgcc.a(_arm_addsubdf3.o)
                0x08000218                __aeabi_drsub
                0x08000220                __aeabi_dsub
                0x08000220                __subdf3
                0x08000224                __aeabi_dadd
                0x08000224                __adddf3
                0x0800049c                __floatunsidf
                0x0800049c                __aeabi_ui2d
                0x080004bc                __floatsidf
                0x080004bc                __aeabi_i2d
                0x080004e0                __aeabi_f2d
                0x080004e0                __extendsfdf2
                0x08000524                __floatundidf
                0x08000524                __aeabi_ul2d
                0x08000534                __floatdidf
                0x08000534                __aeabi_l2d
 .text          0x08000590      0x424 c:/programdata/chocolatey/lib/gcc-arm-embedded/tools/gcc-arm-none-eabi-10-2020-q4-major/bin/../lib/gcc/arm-none-eabi/10.2.1/thumb/v7e-m+fp/hard\libgcc.a(_arm_muldivdf3.o)
                0x08000590                __aeabi_dmul
                0x08000590                __muldf3
                0x080007e4                __divdf3
                0x080007e4                __aeabi_ddiv
 .text          0x080009b4      0x110 c:/programdata/chocolatey/lib/gcc-arm-embedded/tools/gcc-arm-none-eabi-10-2020-q4-major/bin/../lib/gcc/arm-none-eabi/10.2.1/thumb/v7e-m+fp/hard\libgcc.a(_arm_cmpdf2.o)
                0x080009b4                __gtdf2
                0x080009b4                __gedf2
                0x080009bc                __ltdf2
                0x080009bc                __ledf2
                0x080009c4                __nedf2
                0x080009c4                __eqdf2
                0x080009c4                __cmpdf2
                0x08000a40                __aeabi_cdrcmple
                0x08000a50                __aeabi_cdcmpeq
                0x08000a50                __aeabi_cdcmple
                0x08000a60                __aeabi_dcmpeq
                0x08000a74                __aeabi_dcmplt
                0x08000a88                __aeabi_dcmple
                0x08000a9c                __aeabi_dcmpge
                0x08000ab0                __aeabi_dcmpgt
 .text          0x08000ac4       0x50 c:/programdata/chocolatey/lib/gcc-arm-embedded/tools/gcc-arm-none-eabi-10-2020-q4-major/bin/../lib/gcc/arm-none-eabi/10.2.1/thumb/v7e-m+fp/hard\libgcc.a(_arm_fixdfsi.o)
                0x08000ac4                __aeabi_d2iz
                0x08000ac4                __fixdfsi
 .text          0x08000b14       0x40 c:/programdata/chocolatey/lib/gcc-arm-embedded/tools/gcc-arm-none-eabi-10-2020-q4-major/bin/../lib/gcc/arm-none-eabi/10.2.1/thumb/v7e-m+fp/hard\libgcc.a(_arm_fixunsdfsi.o)
                0x08000b14                __aeabi_d2uiz
                0x08000b14                __fixunsdfsi
 .text          0x08000b54       0xa0 c:/programdata/chocolatey/lib/gcc-arm-embedded/tools/gcc-arm-none-eabi-10-2020-q4-major/bin/../lib/gcc/arm-none-eabi/10.2.1/thumb/v7e-m+fp/hard\libgcc.a(_arm_truncdfsf2.o)
                0x08000b54                __truncdfsf2
                0x08000b54                __aeabi_d2f
 .text          0x08000bf4       0x30 c:/programdata/chocolatey/lib/gcc-arm-embedded/tools/gcc-arm-none-eabi-10-2020-q4-major/bin/../lib/gcc/arm-none-eabi/10.2.1/thumb/v7e-m+fp/hard\libgcc.a(_aeabi_uldivmod.o)
                0x08000bf4                __aeabi_uldivmod
 .text          0x08000c24      0x2d0 c:/programdata/chocolatey/lib/gcc-arm-embedded/tools/gcc-arm-none-eabi-10-2020-q4-major/bin/../lib/gcc/arm-none-eabi/10.2.1/thumb/v7e-m+fp/hard\libgcc.a(_udivmoddi4.o)
                0x08000c24                __udivmoddi4
 .text          0x08000ef4        0x4 c:/programdata/chocolatey/lib/gcc-arm-embedded/tools/gcc-arm-none-eabi-10-2020-q4-major/bin/../lib/gcc/arm-none-eabi/10.2.1/thumb/v7e-m+fp/hard\libgcc.a(_dvmd_tls.o)
                0x08000ef4                __aeabi_idiv0
                0x08000ef4                __aeabi_ldiv0
 *(.text*)
 .text.MX_GPIO_Init
                0x08000ef8      0x10c build/main.o
 *fill*         0x08001004        0x4 
 .text.HAL_TIM_IC_CaptureCallback
                0x08001008      0x118 build/main.o
                0x08001008                HAL_TIM_IC_CaptureCallback
 .text.Error_Handler
                0x08001120        0x4 build/main.o
                0x08001120                Error_Handler
 .text.MX_ADC1_Init
                0x08001124       0xc0 build/main.o
 .text.MX_ADC2_Init
                0x080011e4       0xa0 build/main.o
 .text.MX_SPI1_Init
                0x08001284       0x4c build/main.o
 .text.MX_TIM1_Init
                0x080012d0      0x114 build/main.o
 .text.MX_TIM2_Init
                0x080013e4       0x98 build/main.o
 .text.MX_TIM8_Init
                0x0800147c       0xe8 build/main.o
 .text.MX_USART3_UART_Init
                0x08001564       0x60 build/main.o
 .text.MX_SPI2_Init
                0x080015c4       0x50 build/main.o
 .text.MX_TIM17_Init
                0x08001614       0x30 build/main.o
 .text.SystemClock_Config
                0x08001644       0x74 build/main.o
                0x08001644                SystemClock_Config
 .text.main     0x080016b8      0x208 build/main.o
                0x080016b8                main
 .text.NMI_Handler
                0x080018c0        0x2 build/stm32g4xx_it.o
                0x080018c0                NMI_Handler
 .text.HardFault_Handler
                0x080018c2        0x2 build/stm32g4xx_it.o
                0x080018c2                HardFault_Handler
 .text.MemManage_Handler
                0x080018c4        0x2 build/stm32g4xx_it.o
                0x080018c4                MemManage_Handler
 .text.BusFault_Handler
                0x080018c6        0x2 build/stm32g4xx_it.o
                0x080018c6                BusFault_Handler
 .text.UsageFault_Handler
                0x080018c8        0x2 build/stm32g4xx_it.o
                0x080018c8                UsageFault_Handler
 .text.SVC_Handler
                0x080018ca        0x2 build/stm32g4xx_it.o
                0x080018ca                SVC_Handler
 .text.DebugMon_Handler
                0x080018cc        0x2 build/stm32g4xx_it.o
                0x080018cc                DebugMon_Handler
 .text.PendSV_Handler
                0x080018ce        0x2 build/stm32g4xx_it.o
                0x080018ce                PendSV_Handler
 .text.SysTick_Handler
                0x080018d0        0x8 build/stm32g4xx_it.o
                0x080018d0                SysTick_Handler
 .text.EXTI2_IRQHandler
                0x080018d8        0xa build/stm32g4xx_it.o
                0x080018d8                EXTI2_IRQHandler
 *fill*         0x080018e2        0x2 
 .text.TIM2_IRQHandler
                0x080018e4       0x10 build/stm32g4xx_it.o
                0x080018e4                TIM2_IRQHandler
 .text.USART3_IRQHandler
                0x080018f4       0x10 build/stm32g4xx_it.o
                0x080018f4                USART3_IRQHandler
 .text.HAL_MspInit
                0x08001904       0x38 build/stm32g4xx_hal_msp.o
                0x08001904                HAL_MspInit
 .text.HAL_ADC_MspInit
                0x0800193c      0x108 build/stm32g4xx_hal_msp.o
                0x0800193c                HAL_ADC_MspInit
 .text.HAL_SPI_MspInit
                0x08001a44       0xd8 build/stm32g4xx_hal_msp.o
                0x08001a44                HAL_SPI_MspInit
 .text.HAL_TIM_Base_MspInit
                0x08001b1c       0x4c build/stm32g4xx_hal_msp.o
                0x08001b1c                HAL_TIM_Base_MspInit
 .text.HAL_TIM_IC_MspInit
                0x08001b68       0x9c build/stm32g4xx_hal_msp.o
                0x08001b68                HAL_TIM_IC_MspInit
 .text.HAL_TIM_PWM_MspInit
                0x08001c04       0x2c build/stm32g4xx_hal_msp.o
                0x08001c04                HAL_TIM_PWM_MspInit
 .text.HAL_TIM_MspPostInit
                0x08001c30       0xbc build/stm32g4xx_hal_msp.o
                0x08001c30                HAL_TIM_MspPostInit
 .text.HAL_UART_MspInit
                0x08001cec       0x98 build/stm32g4xx_hal_msp.o
                0x08001cec                HAL_UART_MspInit
 *fill*         0x08001d84        0x4 
 .text.readHalls
                0x08001d88       0xc0 build/motor.o
                0x08001d88                readHalls
 .text.MOTOR_init
                0x08001e48       0xd0 build/motor.o
                0x08001e48                MOTOR_init
 .text._adcSelU
                0x08001f18       0x30 build/motor.o
                0x08001f18                _adcSelU
 .text._adcSelV
                0x08001f48       0x30 build/motor.o
                0x08001f48                _adcSelV
 .text._adcSelW
                0x08001f78       0x30 build/motor.o
                0x08001f78                _adcSelW
 .text.MOTOR_SVPWMtask
                0x08001fa8      0x420 build/motor.o
                0x08001fa8                MOTOR_SVPWMtask
 .text.HAL_ADC_Init
                0x080023c8      0x234 build/stm32g4xx_hal_adc.o
                0x080023c8                HAL_ADC_Init
 .text.HAL_ADC_PollForConversion
                0x080025fc      0x110 build/stm32g4xx_hal_adc.o
                0x080025fc                HAL_ADC_PollForConversion
 .text.HAL_ADC_GetValue
                0x0800270c        0x6 build/stm32g4xx_hal_adc.o
                0x0800270c                HAL_ADC_GetValue
 *fill*         0x08002712        0x2 
 .text.HAL_ADC_ConfigChannel
                0x08002714      0x4e4 build/stm32g4xx_hal_adc.o
                0x08002714                HAL_ADC_ConfigChannel
 .text.ADC_ConversionStop
                0x08002bf8      0x100 build/stm32g4xx_hal_adc.o
                0x08002bf8                ADC_ConversionStop
 .text.ADC_Enable
                0x08002cf8       0xdc build/stm32g4xx_hal_adc.o
                0x08002cf8                ADC_Enable
 .text.HAL_ADC_Start
                0x08002dd4       0xf4 build/stm32g4xx_hal_adc.o
                0x08002dd4                HAL_ADC_Start
 .text.ADC_Disable
                0x08002ec8       0x94 build/stm32g4xx_hal_adc.o
                0x08002ec8                ADC_Disable
 .text.HAL_ADC_Stop
                0x08002f5c       0x42 build/stm32g4xx_hal_adc.o
                0x08002f5c                HAL_ADC_Stop
 *fill*         0x08002f9e        0x2 
 .text.HAL_ADCEx_MultiModeConfigChannel
                0x08002fa0      0x114 build/stm32g4xx_hal_adc_ex.o
                0x08002fa0                HAL_ADCEx_MultiModeConfigChannel
 .text.HAL_InitTick
                0x080030b4       0x50 build/stm32g4xx_hal.o
                0x080030b4                HAL_InitTick
 .text.HAL_Init
                0x08003104       0x1e build/stm32g4xx_hal.o
                0x08003104                HAL_Init
 *fill*         0x08003122        0x2 
 .text.HAL_IncTick
                0x08003124       0x18 build/stm32g4xx_hal.o
                0x08003124                HAL_IncTick
 .text.HAL_GetTick
                0x0800313c        0xc build/stm32g4xx_hal.o
                0x0800313c                HAL_GetTick
 .text.RCC_GetSysClockFreqFromPLLSource
                0x08003148       0x58 build/stm32g4xx_hal_rcc.o
 .text.HAL_RCC_OscConfig
                0x080031a0      0x4e4 build/stm32g4xx_hal_rcc.o
                0x080031a0                HAL_RCC_OscConfig
 .text.HAL_RCC_GetSysClockFreq
                0x08003684       0x88 build/stm32g4xx_hal_rcc.o
                0x08003684                HAL_RCC_GetSysClockFreq
 .text.HAL_RCC_ClockConfig
                0x0800370c      0x1f8 build/stm32g4xx_hal_rcc.o
                0x0800370c                HAL_RCC_ClockConfig
 .text.HAL_RCC_GetHCLKFreq
                0x08003904        0xc build/stm32g4xx_hal_rcc.o
                0x08003904                HAL_RCC_GetHCLKFreq
 .text.HAL_RCC_GetPCLK1Freq
                0x08003910       0x24 build/stm32g4xx_hal_rcc.o
                0x08003910                HAL_RCC_GetPCLK1Freq
 .text.HAL_RCC_GetPCLK2Freq
                0x08003934       0x24 build/stm32g4xx_hal_rcc.o
                0x08003934                HAL_RCC_GetPCLK2Freq
 .text.HAL_RCCEx_PeriphCLKConfig
                0x08003958      0x2e4 build/stm32g4xx_hal_rcc_ex.o
                0x08003958                HAL_RCCEx_PeriphCLKConfig
 .text.HAL_GPIO_Init
                0x08003c3c      0x1d4 build/stm32g4xx_hal_gpio.o
                0x08003c3c                HAL_GPIO_Init
 .text.HAL_GPIO_ReadPin
                0x08003e10        0xe build/stm32g4xx_hal_gpio.o
                0x08003e10                HAL_GPIO_ReadPin
 .text.HAL_GPIO_WritePin
                0x08003e1e        0xa build/stm32g4xx_hal_gpio.o
                0x08003e1e                HAL_GPIO_WritePin
 .text.HAL_GPIO_EXTI_Callback
                0x08003e28        0x2 build/stm32g4xx_hal_gpio.o
                0x08003e28                HAL_GPIO_EXTI_Callback
 *fill*         0x08003e2a        0x2 
 .text.HAL_GPIO_EXTI_IRQHandler
                0x08003e2c       0x1c build/stm32g4xx_hal_gpio.o
                0x08003e2c                HAL_GPIO_EXTI_IRQHandler
 .text.HAL_DMA_Abort
                0x08003e48       0x6c build/stm32g4xx_hal_dma.o
                0x08003e48                HAL_DMA_Abort
 .text.HAL_DMA_Abort_IT
                0x08003eb4       0x7e build/stm32g4xx_hal_dma.o
                0x08003eb4                HAL_DMA_Abort_IT
 *fill*         0x08003f32        0x2 
 .text.HAL_PWREx_ControlVoltageScaling
                0x08003f34      0x10c build/stm32g4xx_hal_pwr_ex.o
                0x08003f34                HAL_PWREx_ControlVoltageScaling
 .text.HAL_PWREx_DisableUCPDDeadBattery
                0x08004040       0x10 build/stm32g4xx_hal_pwr_ex.o
                0x08004040                HAL_PWREx_DisableUCPDDeadBattery
 .text.HAL_NVIC_SetPriorityGrouping
                0x08004050       0x24 build/stm32g4xx_hal_cortex.o
                0x08004050                HAL_NVIC_SetPriorityGrouping
 .text.HAL_NVIC_SetPriority
                0x08004074       0x70 build/stm32g4xx_hal_cortex.o
                0x08004074                HAL_NVIC_SetPriority
 .text.HAL_NVIC_EnableIRQ
                0x080040e4       0x1c build/stm32g4xx_hal_cortex.o
                0x080040e4                HAL_NVIC_EnableIRQ
 .text.HAL_SYSTICK_Config
                0x08004100       0x28 build/stm32g4xx_hal_cortex.o
                0x08004100                HAL_SYSTICK_Config
 .text.HAL_SPI_Init
                0x08004128       0xe8 build/stm32g4xx_hal_spi.o
                0x08004128                HAL_SPI_Init
 .text.TIM_OC1_SetConfig
                0x08004210       0xa0 build/stm32g4xx_hal_tim.o
 .text.TIM_OC3_SetConfig
                0x080042b0       0x8c build/stm32g4xx_hal_tim.o
 .text.TIM_OC4_SetConfig
                0x0800433c       0x8c build/stm32g4xx_hal_tim.o
 .text.TIM_OC5_SetConfig
                0x080043c8       0x68 build/stm32g4xx_hal_tim.o
 .text.TIM_OC6_SetConfig
                0x08004430       0x6c build/stm32g4xx_hal_tim.o
 .text.TIM_TI1_ConfigInputStage
                0x0800449c       0x26 build/stm32g4xx_hal_tim.o
 .text.TIM_TI2_SetConfig
                0x080044c2       0x36 build/stm32g4xx_hal_tim.o
 .text.TIM_TI2_ConfigInputStage
                0x080044f8       0x28 build/stm32g4xx_hal_tim.o
 .text.TIM_TI3_SetConfig
                0x08004520       0x36 build/stm32g4xx_hal_tim.o
 .text.TIM_TI4_SetConfig
                0x08004556       0x36 build/stm32g4xx_hal_tim.o
 .text.TIM_ITRx_SetConfig
                0x0800458c       0x14 build/stm32g4xx_hal_tim.o
 .text.HAL_TIM_Base_Start
                0x080045a0       0x7c build/stm32g4xx_hal_tim.o
                0x080045a0                HAL_TIM_Base_Start
 .text.HAL_TIM_Base_Stop
                0x0800461c       0x28 build/stm32g4xx_hal_tim.o
                0x0800461c                HAL_TIM_Base_Stop
 .text.HAL_TIM_ReadCapturedValue
                0x08004644       0x32 build/stm32g4xx_hal_tim.o
                0x08004644                HAL_TIM_ReadCapturedValue
 .text.HAL_TIM_PeriodElapsedCallback
                0x08004676        0x2 build/stm32g4xx_hal_tim.o
                0x08004676                HAL_TIM_PeriodElapsedCallback
 .text.HAL_TIM_OC_DelayElapsedCallback
                0x08004678        0x2 build/stm32g4xx_hal_tim.o
                0x08004678                HAL_TIM_OC_DelayElapsedCallback
 .text.HAL_TIM_PWM_PulseFinishedCallback
                0x0800467a        0x2 build/stm32g4xx_hal_tim.o
                0x0800467a                HAL_TIM_PWM_PulseFinishedCallback
 .text.HAL_TIM_TriggerCallback
                0x0800467c        0x2 build/stm32g4xx_hal_tim.o
                0x0800467c                HAL_TIM_TriggerCallback
 .text.HAL_TIM_IRQHandler
                0x0800467e      0x1ea build/stm32g4xx_hal_tim.o
                0x0800467e                HAL_TIM_IRQHandler
 .text.HAL_TIM_GetActiveChannel
                0x08004868        0x4 build/stm32g4xx_hal_tim.o
                0x08004868                HAL_TIM_GetActiveChannel
 .text.TIM_Base_SetConfig
                0x0800486c       0xc8 build/stm32g4xx_hal_tim.o
                0x0800486c                TIM_Base_SetConfig
 .text.HAL_TIM_Base_Init
                0x08004934       0x60 build/stm32g4xx_hal_tim.o
                0x08004934                HAL_TIM_Base_Init
 .text.HAL_TIM_PWM_Init
                0x08004994       0x60 build/stm32g4xx_hal_tim.o
                0x08004994                HAL_TIM_PWM_Init
 .text.HAL_TIM_IC_Init
                0x080049f4       0x60 build/stm32g4xx_hal_tim.o
                0x080049f4                HAL_TIM_IC_Init
 .text.TIM_OC2_SetConfig
                0x08004a54       0x8c build/stm32g4xx_hal_tim.o
                0x08004a54                TIM_OC2_SetConfig
 .text.HAL_TIM_PWM_ConfigChannel
                0x08004ae0      0x13a build/stm32g4xx_hal_tim.o
                0x08004ae0                HAL_TIM_PWM_ConfigChannel
 *fill*         0x08004c1a        0x2 
 .text.TIM_TI1_SetConfig
                0x08004c1c       0x68 build/stm32g4xx_hal_tim.o
                0x08004c1c                TIM_TI1_SetConfig
 .text.HAL_TIM_IC_ConfigChannel
                0x08004c84       0xc4 build/stm32g4xx_hal_tim.o
                0x08004c84                HAL_TIM_IC_ConfigChannel
 .text.TIM_ETR_SetConfig
                0x08004d48       0x1a build/stm32g4xx_hal_tim.o
                0x08004d48                TIM_ETR_SetConfig
 *fill*         0x08004d62        0x2 
 .text.HAL_TIM_ConfigClockSource
                0x08004d64      0x138 build/stm32g4xx_hal_tim.o
                0x08004d64                HAL_TIM_ConfigClockSource
 .text.TIM_CCxChannelCmd
                0x08004e9c       0x1e build/stm32g4xx_hal_tim.o
                0x08004e9c                TIM_CCxChannelCmd
 *fill*         0x08004eba        0x2 
 .text.HAL_TIM_PWM_Start
                0x08004ebc      0x158 build/stm32g4xx_hal_tim.o
                0x08004ebc                HAL_TIM_PWM_Start
 .text.HAL_TIM_IC_Start_IT
                0x08005014      0x1a8 build/stm32g4xx_hal_tim.o
                0x08005014                HAL_TIM_IC_Start_IT
 .text.HAL_TIMEx_MasterConfigSynchronization
                0x080051bc       0x94 build/stm32g4xx_hal_tim_ex.o
                0x080051bc                HAL_TIMEx_MasterConfigSynchronization
 .text.HAL_TIMEx_ConfigBreakDeadTime
                0x08005250       0xa0 build/stm32g4xx_hal_tim_ex.o
                0x08005250                HAL_TIMEx_ConfigBreakDeadTime
 .text.HAL_TIMEx_CommutCallback
                0x080052f0        0x2 build/stm32g4xx_hal_tim_ex.o
                0x080052f0                HAL_TIMEx_CommutCallback
 .text.HAL_TIMEx_BreakCallback
                0x080052f2        0x2 build/stm32g4xx_hal_tim_ex.o
                0x080052f2                HAL_TIMEx_BreakCallback
 .text.HAL_TIMEx_Break2Callback
                0x080052f4        0x2 build/stm32g4xx_hal_tim_ex.o
                0x080052f4                HAL_TIMEx_Break2Callback
 .text.HAL_TIMEx_EncoderIndexCallback
                0x080052f6        0x2 build/stm32g4xx_hal_tim_ex.o
                0x080052f6                HAL_TIMEx_EncoderIndexCallback
 .text.HAL_TIMEx_DirectionChangeCallback
                0x080052f8        0x2 build/stm32g4xx_hal_tim_ex.o
                0x080052f8                HAL_TIMEx_DirectionChangeCallback
 .text.HAL_TIMEx_IndexErrorCallback
                0x080052fa        0x2 build/stm32g4xx_hal_tim_ex.o
                0x080052fa                HAL_TIMEx_IndexErrorCallback
 .text.HAL_TIMEx_TransitionErrorCallback
                0x080052fc        0x2 build/stm32g4xx_hal_tim_ex.o
                0x080052fc                HAL_TIMEx_TransitionErrorCallback
 .text.UART_EndRxTransfer
                0x080052fe       0x56 build/stm32g4xx_hal_uart.o
 .text.HAL_UART_TxCpltCallback
                0x08005354        0x2 build/stm32g4xx_hal_uart.o
                0x08005354                HAL_UART_TxCpltCallback
 .text.UART_EndTransmit_IT
                0x08005356       0x24 build/stm32g4xx_hal_uart.o
 .text.HAL_UART_ErrorCallback
                0x0800537a        0x2 build/stm32g4xx_hal_uart.o
                0x0800537a                HAL_UART_ErrorCallback
 .text.UART_DMAAbortOnError
                0x0800537c       0x14 build/stm32g4xx_hal_uart.o
 .text.HAL_UARTEx_RxEventCallback
                0x08005390        0x2 build/stm32g4xx_hal_uart.o
                0x08005390                HAL_UARTEx_RxEventCallback
 *fill*         0x08005392        0x2 
 .text.HAL_UART_IRQHandler
                0x08005394      0x348 build/stm32g4xx_hal_uart.o
                0x08005394                HAL_UART_IRQHandler
 .text.UART_SetConfig
                0x080056dc      0x344 build/stm32g4xx_hal_uart.o
                0x080056dc                UART_SetConfig
 .text.UART_AdvFeatureConfig
                0x08005a20       0xca build/stm32g4xx_hal_uart.o
                0x08005a20                UART_AdvFeatureConfig
 .text.UART_WaitOnFlagUntilTimeout
                0x08005aea       0xa2 build/stm32g4xx_hal_uart.o
                0x08005aea                UART_WaitOnFlagUntilTimeout
 .text.UART_CheckIdleState
                0x08005b8c       0xca build/stm32g4xx_hal_uart.o
                0x08005b8c                UART_CheckIdleState
 .text.HAL_UART_Init
                0x08005c56       0x66 build/stm32g4xx_hal_uart.o
                0x08005c56                HAL_UART_Init
 .text.UARTEx_SetNbDataToProcess
                0x08005cbc       0x4c build/stm32g4xx_hal_uart_ex.o
 .text.HAL_UARTEx_WakeupCallback
                0x08005d08        0x2 build/stm32g4xx_hal_uart_ex.o
                0x08005d08                HAL_UARTEx_WakeupCallback
 .text.HAL_UARTEx_RxFifoFullCallback
                0x08005d0a        0x2 build/stm32g4xx_hal_uart_ex.o
                0x08005d0a                HAL_UARTEx_RxFifoFullCallback
 .text.HAL_UARTEx_TxFifoEmptyCallback
                0x08005d0c        0x2 build/stm32g4xx_hal_uart_ex.o
                0x08005d0c                HAL_UARTEx_TxFifoEmptyCallback
 .text.HAL_UARTEx_DisableFifoMode
                0x08005d0e       0x3e build/stm32g4xx_hal_uart_ex.o
                0x08005d0e                HAL_UARTEx_DisableFifoMode
 .text.HAL_UARTEx_SetTxFifoThreshold
                0x08005d4c       0x4a build/stm32g4xx_hal_uart_ex.o
                0x08005d4c                HAL_UARTEx_SetTxFifoThreshold
 .text.HAL_UARTEx_SetRxFifoThreshold
                0x08005d96       0x4a build/stm32g4xx_hal_uart_ex.o
                0x08005d96                HAL_UARTEx_SetRxFifoThreshold
 .text.SystemInit
                0x08005de0       0x14 build/system_stm32g4xx.o
                0x08005de0                SystemInit
 .text.Reset_Handler
                0x08005df4       0x50 build/startup_stm32g431xx.o
                0x08005df4                Reset_Handler
 .text.Default_Handler
                0x08005e44        0x2 build/startup_stm32g431xx.o
                0x08005e44                RTC_Alarm_IRQHandler
                0x08005e44                TIM8_TRG_COM_IRQHandler
                0x08005e44                TIM8_CC_IRQHandler
                0x08005e44                TIM1_CC_IRQHandler
                0x08005e44                USB_HP_IRQHandler
                0x08005e44                CORDIC_IRQHandler
                0x08005e44                EXTI3_IRQHandler
                0x08005e44                I2C3_ER_IRQHandler
                0x08005e44                EXTI0_IRQHandler
                0x08005e44                I2C2_EV_IRQHandler
                0x08005e44                FPU_IRQHandler
                0x08005e44                FDCAN1_IT1_IRQHandler
                0x08005e44                TIM1_UP_TIM16_IRQHandler
                0x08005e44                ADC1_2_IRQHandler
                0x08005e44                SPI1_IRQHandler
                0x08005e44                TIM6_DAC_IRQHandler
                0x08005e44                TIM8_UP_IRQHandler
                0x08005e44                DMA2_Channel2_IRQHandler
                0x08005e44                DMA1_Channel4_IRQHandler
                0x08005e44                TIM4_IRQHandler
                0x08005e44                DMA2_Channel1_IRQHandler
                0x08005e44                I2C1_EV_IRQHandler
                0x08005e44                DMA1_Channel6_IRQHandler
                0x08005e44                UART4_IRQHandler
                0x08005e44                DMA2_Channel4_IRQHandler
                0x08005e44                TIM3_IRQHandler
                0x08005e44                RCC_IRQHandler
                0x08005e44                DMA1_Channel1_IRQHandler
                0x08005e44                Default_Handler
                0x08005e44                RTC_TAMP_LSECSS_IRQHandler
                0x08005e44                FMAC_IRQHandler
                0x08005e44                EXTI15_10_IRQHandler
                0x08005e44                TIM7_IRQHandler
                0x08005e44                UCPD1_IRQHandler
                0x08005e44                I2C3_EV_IRQHandler
                0x08005e44                EXTI9_5_IRQHandler
                0x08005e44                RTC_WKUP_IRQHandler
                0x08005e44                PVD_PVM_IRQHandler
                0x08005e44                SPI2_IRQHandler
                0x08005e44                DMA2_Channel5_IRQHandler
                0x08005e44                CRS_IRQHandler
                0x08005e44                DMA1_Channel5_IRQHandler
                0x08005e44                USB_LP_IRQHandler
                0x08005e44                EXTI4_IRQHandler
                0x08005e44                RNG_IRQHandler
                0x08005e44                TIM1_TRG_COM_TIM17_IRQHandler
                0x08005e44                DMA1_Channel3_IRQHandler
                0x08005e44                WWDG_IRQHandler
                0x08005e44                LPUART1_IRQHandler
                0x08005e44                DMA2_Channel6_IRQHandler
                0x08005e44                FDCAN1_IT0_IRQHandler
                0x08005e44                COMP1_2_3_IRQHandler
                0x08005e44                EXTI1_IRQHandler
                0x08005e44                USART2_IRQHandler
                0x08005e44                I2C2_ER_IRQHandler
                0x08005e44                DMA1_Channel2_IRQHandler
                0x08005e44                TIM8_BRK_IRQHandler
                0x08005e44                FLASH_IRQHandler
                0x08005e44                USART1_IRQHandler
                0x08005e44                SPI3_IRQHandler
                0x08005e44                I2C1_ER_IRQHandler
                0x08005e44                LPTIM1_IRQHandler
                0x08005e44                DMAMUX_OVR_IRQHandler
                0x08005e44                USBWakeUp_IRQHandler
                0x08005e44                SAI1_IRQHandler
                0x08005e44                DMA2_Channel3_IRQHandler
                0x08005e44                COMP4_IRQHandler
                0x08005e44                TIM1_BRK_TIM15_IRQHandler
 *fill*         0x08005e46        0x2 
 .text.__libc_init_array
                0x08005e48       0x48 c:/programdata/chocolatey/lib/gcc-arm-embedded/tools/gcc-arm-none-eabi-10-2020-q4-major/bin/../lib/gcc/arm-none-eabi/10.2.1/../../../../arm-none-eabi/lib/thumb/v7e-m+fp/hard\libc_nano.a(lib_a-init.o)
                0x08005e48                __libc_init_array
 .text.memset   0x08005e90       0x10 c:/programdata/chocolatey/lib/gcc-arm-embedded/tools/gcc-arm-none-eabi-10-2020-q4-major/bin/../lib/gcc/arm-none-eabi/10.2.1/../../../../arm-none-eabi/lib/thumb/v7e-m+fp/hard\libc_nano.a(lib_a-memset.o)
                0x08005e90                memset
 .text.round    0x08005ea0       0xa0 c:/programdata/chocolatey/lib/gcc-arm-embedded/tools/gcc-arm-none-eabi-10-2020-q4-major/bin/../lib/gcc/arm-none-eabi/10.2.1/../../../../arm-none-eabi/lib/thumb/v7e-m+fp/hard\libm.a(lib_a-s_round.o)
                0x08005ea0                round
 .text.sin      0x08005f40       0x90 c:/programdata/chocolatey/lib/gcc-arm-embedded/tools/gcc-arm-none-eabi-10-2020-q4-major/bin/../lib/gcc/arm-none-eabi/10.2.1/../../../../arm-none-eabi/lib/thumb/v7e-m+fp/hard\libm.a(lib_a-s_sin.o)
                0x08005f40                sin
 .text.__ieee754_rem_pio2
                0x08005fd0      0x44c c:/programdata/chocolatey/lib/gcc-arm-embedded/tools/gcc-arm-none-eabi-10-2020-q4-major/bin/../lib/gcc/arm-none-eabi/10.2.1/../../../../arm-none-eabi/lib/thumb/v7e-m+fp/hard\libm.a(lib_a-e_rem_pio2.o)
                0x08005fd0                __ieee754_rem_pio2
 *fill*         0x0800641c        0x4 
 .text.__kernel_cos
                0x08006420      0x27c c:/programdata/chocolatey/lib/gcc-arm-embedded/tools/gcc-arm-none-eabi-10-2020-q4-major/bin/../lib/gcc/arm-none-eabi/10.2.1/../../../../arm-none-eabi/lib/thumb/v7e-m+fp/hard\libm.a(lib_a-k_cos.o)
                0x08006420                __kernel_cos
 *fill*         0x0800669c        0x4 
 .text.__kernel_rem_pio2
                0x080066a0      0x854 c:/programdata/chocolatey/lib/gcc-arm-embedded/tools/gcc-arm-none-eabi-10-2020-q4-major/bin/../lib/gcc/arm-none-eabi/10.2.1/../../../../arm-none-eabi/lib/thumb/v7e-m+fp/hard\libm.a(lib_a-k_rem_pio2.o)
                0x080066a0                __kernel_rem_pio2
 *fill*         0x08006ef4        0x4 
 .text.__kernel_sin
                0x08006ef8      0x17c c:/programdata/chocolatey/lib/gcc-arm-embedded/tools/gcc-arm-none-eabi-10-2020-q4-major/bin/../lib/gcc/arm-none-eabi/10.2.1/../../../../arm-none-eabi/lib/thumb/v7e-m+fp/hard\libm.a(lib_a-k_sin.o)
                0x08006ef8                __kernel_sin
 .text.fabs     0x08007074       0x14 c:/programdata/chocolatey/lib/gcc-arm-embedded/tools/gcc-arm-none-eabi-10-2020-q4-major/bin/../lib/gcc/arm-none-eabi/10.2.1/../../../../arm-none-eabi/lib/thumb/v7e-m+fp/hard\libm.a(lib_a-s_fabs.o)
                0x08007074                fabs
 .text.floor    0x08007088      0x108 c:/programdata/chocolatey/lib/gcc-arm-embedded/tools/gcc-arm-none-eabi-10-2020-q4-major/bin/../lib/gcc/arm-none-eabi/10.2.1/../../../../arm-none-eabi/lib/thumb/v7e-m+fp/hard\libm.a(lib_a-s_floor.o)
                0x08007088                floor
 .text.scalbn   0x08007190      0x124 c:/programdata/chocolatey/lib/gcc-arm-embedded/tools/gcc-arm-none-eabi-10-2020-q4-major/bin/../lib/gcc/arm-none-eabi/10.2.1/../../../../arm-none-eabi/lib/thumb/v7e-m+fp/hard\libm.a(lib_a-s_scalbn.o)
                0x08007190                scalbn
 *(.glue_7)
 .glue_7        0x080072b4        0x0 linker stubs
 *(.glue_7t)
 .glue_7t       0x080072b4        0x0 linker stubs
 *(.eh_frame)
 .eh_frame      0x080072b4        0x0 c:/programdata/chocolatey/lib/gcc-arm-embedded/tools/gcc-arm-none-eabi-10-2020-q4-major/bin/../lib/gcc/arm-none-eabi/10.2.1/thumb/v7e-m+fp/hard/crtbegin.o
 *(.init)
 .init          0x080072b4        0x4 c:/programdata/chocolatey/lib/gcc-arm-embedded/tools/gcc-arm-none-eabi-10-2020-q4-major/bin/../lib/gcc/arm-none-eabi/10.2.1/thumb/v7e-m+fp/hard/crti.o
                0x080072b4                _init
 .init          0x080072b8        0x8 c:/programdata/chocolatey/lib/gcc-arm-embedded/tools/gcc-arm-none-eabi-10-2020-q4-major/bin/../lib/gcc/arm-none-eabi/10.2.1/thumb/v7e-m+fp/hard/crtn.o
 *(.fini)
 .fini          0x080072c0        0x4 c:/programdata/chocolatey/lib/gcc-arm-embedded/tools/gcc-arm-none-eabi-10-2020-q4-major/bin/../lib/gcc/arm-none-eabi/10.2.1/thumb/v7e-m+fp/hard/crti.o
                0x080072c0                _fini
 .fini          0x080072c4        0x8 c:/programdata/chocolatey/lib/gcc-arm-embedded/tools/gcc-arm-none-eabi-10-2020-q4-major/bin/../lib/gcc/arm-none-eabi/10.2.1/thumb/v7e-m+fp/hard/crtn.o
                0x080072cc                . = ALIGN (0x4)
                0x080072cc                _etext = .

.vfp11_veneer   0x080072cc        0x0
 .vfp11_veneer  0x080072cc        0x0 linker stubs

.v4_bx          0x080072cc        0x0
 .v4_bx         0x080072cc        0x0 linker stubs

.iplt           0x080072cc        0x0
 .iplt          0x080072cc        0x0 c:/programdata/chocolatey/lib/gcc-arm-embedded/tools/gcc-arm-none-eabi-10-2020-q4-major/bin/../lib/gcc/arm-none-eabi/10.2.1/thumb/v7e-m+fp/hard/crtbegin.o

.rodata         0x080072d0      0x218
                0x080072d0                . = ALIGN (0x4)
 *(.rodata)
 *(.rodata*)
 .rodata.UARTPrescTable
                0x080072d0       0x18 build/stm32g4xx_hal_uart.o
                0x080072d0                UARTPrescTable
 .rodata.denominator.0
                0x080072e8        0x8 build/stm32g4xx_hal_uart_ex.o
 .rodata.numerator.1
                0x080072f0        0x8 build/stm32g4xx_hal_uart_ex.o
 .rodata.AHBPrescTable
                0x080072f8       0x10 build/system_stm32g4xx.o
                0x080072f8                AHBPrescTable
 .rodata.APBPrescTable
                0x08007308        0x8 build/system_stm32g4xx.o
                0x08007308                APBPrescTable
 .rodata.npio2_hw
                0x08007310       0x80 c:/programdata/chocolatey/lib/gcc-arm-embedded/tools/gcc-arm-none-eabi-10-2020-q4-major/bin/../lib/gcc/arm-none-eabi/10.2.1/../../../../arm-none-eabi/lib/thumb/v7e-m+fp/hard\libm.a(lib_a-e_rem_pio2.o)
 .rodata.two_over_pi
                0x08007390      0x108 c:/programdata/chocolatey/lib/gcc-arm-embedded/tools/gcc-arm-none-eabi-10-2020-q4-major/bin/../lib/gcc/arm-none-eabi/10.2.1/../../../../arm-none-eabi/lib/thumb/v7e-m+fp/hard\libm.a(lib_a-e_rem_pio2.o)
 .rodata.PIo2   0x08007498       0x40 c:/programdata/chocolatey/lib/gcc-arm-embedded/tools/gcc-arm-none-eabi-10-2020-q4-major/bin/../lib/gcc/arm-none-eabi/10.2.1/../../../../arm-none-eabi/lib/thumb/v7e-m+fp/hard\libm.a(lib_a-k_rem_pio2.o)
 .rodata.init_jk
                0x080074d8       0x10 c:/programdata/chocolatey/lib/gcc-arm-embedded/tools/gcc-arm-none-eabi-10-2020-q4-major/bin/../lib/gcc/arm-none-eabi/10.2.1/../../../../arm-none-eabi/lib/thumb/v7e-m+fp/hard\libm.a(lib_a-k_rem_pio2.o)
                0x080074e8                . = ALIGN (0x4)

.ARM.extab
 *(.ARM.extab* .gnu.linkonce.armextab.*)

.ARM            0x080074e8        0x8
                0x080074e8                __exidx_start = .
 *(.ARM.exidx*)
 .ARM.exidx     0x080074e8        0x8 c:/programdata/chocolatey/lib/gcc-arm-embedded/tools/gcc-arm-none-eabi-10-2020-q4-major/bin/../lib/gcc/arm-none-eabi/10.2.1/thumb/v7e-m+fp/hard\libgcc.a(_udivmoddi4.o)
                0x080074f0                __exidx_end = .

.rel.dyn        0x080074f0        0x0
 .rel.iplt      0x080074f0        0x0 c:/programdata/chocolatey/lib/gcc-arm-embedded/tools/gcc-arm-none-eabi-10-2020-q4-major/bin/../lib/gcc/arm-none-eabi/10.2.1/thumb/v7e-m+fp/hard/crtbegin.o

.preinit_array  0x080074f0        0x0
                0x080074f0                PROVIDE (__preinit_array_start = .)
 *(.preinit_array*)
                0x080074f0                PROVIDE (__preinit_array_end = .)

.init_array     0x080074f0        0x4
                0x080074f0                PROVIDE (__init_array_start = .)
 *(SORT_BY_NAME(.init_array.*))
 *(.init_array*)
 .init_array    0x080074f0        0x4 c:/programdata/chocolatey/lib/gcc-arm-embedded/tools/gcc-arm-none-eabi-10-2020-q4-major/bin/../lib/gcc/arm-none-eabi/10.2.1/thumb/v7e-m+fp/hard/crtbegin.o
                0x080074f4                PROVIDE (__init_array_end = .)

.fini_array     0x080074f4        0x4
                [!provide]                PROVIDE (__fini_array_start = .)
 *(SORT_BY_NAME(.fini_array.*))
 *(.fini_array*)
 .fini_array    0x080074f4        0x4 c:/programdata/chocolatey/lib/gcc-arm-embedded/tools/gcc-arm-none-eabi-10-2020-q4-major/bin/../lib/gcc/arm-none-eabi/10.2.1/thumb/v7e-m+fp/hard/crtbegin.o
                [!provide]                PROVIDE (__fini_array_end = .)
                0x080074f8                _sidata = LOADADDR (.data)

.data           0x20000000       0x44 load address 0x080074f8
                0x20000000                . = ALIGN (0x4)
                0x20000000                _sdata = .
 *(.data)
 *(.data*)
 .data.Hall_1   0x20000000        0x8 build/main.o
                0x20000000                Hall_1
 .data.Hall_2   0x20000008        0x8 build/main.o
                0x20000008                Hall_2
 .data.Hall_3   0x20000010        0x8 build/main.o
                0x20000010                Hall_3
 .data.ena      0x20000018        0x8 build/main.o
                0x20000018                ena
 .data.enb      0x20000020        0x8 build/main.o
                0x20000020                enb
 .data.enc      0x20000028        0x8 build/main.o
                0x20000028                enc
 .data.motor_Sleep
                0x20000030        0x8 build/main.o
                0x20000030                motor_Sleep
 .data.uwTickFreq
                0x20000038        0x4 build/stm32g4xx_hal.o
                0x20000038                uwTickFreq
 .data.uwTickPrio
                0x2000003c        0x4 build/stm32g4xx_hal.o
                0x2000003c                uwTickPrio
 .data.SystemCoreClock
                0x20000040        0x4 build/system_stm32g4xx.o
                0x20000040                SystemCoreClock
                0x20000044                . = ALIGN (0x4)
                0x20000044                _edata = .

.igot.plt       0x20000044        0x0 load address 0x0800753c
 .igot.plt      0x20000044        0x0 c:/programdata/chocolatey/lib/gcc-arm-embedded/tools/gcc-arm-none-eabi-10-2020-q4-major/bin/../lib/gcc/arm-none-eabi/10.2.1/thumb/v7e-m+fp/hard/crtbegin.o
                0x20000044                . = ALIGN (0x4)

.bss            0x20000048      0x44c load address 0x0800753c
                0x20000048                _sbss = .
                0x20000048                __bss_start__ = _sbss
 *(.bss)
 .bss           0x20000048       0x1c c:/programdata/chocolatey/lib/gcc-arm-embedded/tools/gcc-arm-none-eabi-10-2020-q4-major/bin/../lib/gcc/arm-none-eabi/10.2.1/thumb/v7e-m+fp/hard/crtbegin.o
 *(.bss*)
 .bss.Difference1
                0x20000064        0x4 build/main.o
                0x20000064                Difference1
 .bss.frequency1
                0x20000068        0x4 build/main.o
                0x20000068                frequency1
 .bss.hadc1     0x2000006c       0x6c build/main.o
                0x2000006c                hadc1
 .bss.hadc2     0x200000d8       0x6c build/main.o
                0x200000d8                hadc2
 .bss.hspi1     0x20000144       0x64 build/main.o
                0x20000144                hspi1
 .bss.hspi2     0x200001a8       0x64 build/main.o
                0x200001a8                hspi2
 .bss.htim1     0x2000020c       0x4c build/main.o
                0x2000020c                htim1
 .bss.htim17    0x20000258       0x4c build/main.o
                0x20000258                htim17
 .bss.htim2     0x200002a4       0x4c build/main.o
                0x200002a4                htim2
 .bss.htim8     0x200002f0       0x4c build/main.o
                0x200002f0                htim8
 .bss.huart3    0x2000033c       0x94 build/main.o
                0x2000033c                huart3
 .bss.isFirstCap1
                0x200003d0        0x4 build/main.o
                0x200003d0                isFirstCap1
 .bss.lastSpeedErr
                0x200003d4        0x4 build/main.o
                0x200003d4                lastSpeedErr
 .bss.motor     0x200003d8       0xa8 build/main.o
                0x200003d8                motor
 .bss.tim1Val1  0x20000480        0x4 build/main.o
                0x20000480                tim1Val1
 .bss.tim1Val2  0x20000484        0x4 build/main.o
                0x20000484                tim1Val2
 .bss.toggleState
                0x20000488        0x4 build/main.o
                0x20000488                toggleState
 .bss.HAL_RCC_ADC12_CLK_ENABLED
                0x2000048c        0x4 build/stm32g4xx_hal_msp.o
 .bss.uwTick    0x20000490        0x4 build/stm32g4xx_hal.o
                0x20000490                uwTick
 *(COMMON)
                0x20000494                . = ALIGN (0x4)
                0x20000494                _ebss = .
                0x20000494                __bss_end__ = _ebss

._user_heap_stack
                0x20000494      0x604 load address 0x0800753c
                0x20000498                . = ALIGN (0x8)
 *fill*         0x20000494        0x4 
                [!provide]                PROVIDE (end = .)
                0x20000498                PROVIDE (_end = .)
                0x20000698                . = (. + _Min_Heap_Size)
 *fill*         0x20000498      0x200 
                0x20000a98                . = (. + _Min_Stack_Size)
 *fill*         0x20000698      0x400 
                0x20000a98                . = ALIGN (0x8)

/DISCARD/
 libc.a(*)
 libm.a(*)
 libgcc.a(*)

.ARM.attributes
                0x00000000       0x30
 *(.ARM.attributes)
 .ARM.attributes
                0x00000000       0x1e c:/programdata/chocolatey/lib/gcc-arm-embedded/tools/gcc-arm-none-eabi-10-2020-q4-major/bin/../lib/gcc/arm-none-eabi/10.2.1/thumb/v7e-m+fp/hard/crti.o
 .ARM.attributes
                0x0000001e       0x34 c:/programdata/chocolatey/lib/gcc-arm-embedded/tools/gcc-arm-none-eabi-10-2020-q4-major/bin/../lib/gcc/arm-none-eabi/10.2.1/thumb/v7e-m+fp/hard/crtbegin.o
 .ARM.attributes
                0x00000052       0x34 build/main.o
 .ARM.attributes
                0x00000086       0x34 build/stm32g4xx_it.o
 .ARM.attributes
                0x000000ba       0x34 build/stm32g4xx_hal_msp.o
 .ARM.attributes
                0x000000ee       0x34 build/motor.o
 .ARM.attributes
                0x00000122       0x34 build/stm32g4xx_hal_adc.o
 .ARM.attributes
                0x00000156       0x34 build/stm32g4xx_hal_adc_ex.o
 .ARM.attributes
                0x0000018a       0x34 build/stm32g4xx_hal.o
 .ARM.attributes
                0x000001be       0x34 build/stm32g4xx_hal_rcc.o
 .ARM.attributes
                0x000001f2       0x34 build/stm32g4xx_hal_rcc_ex.o
 .ARM.attributes
                0x00000226       0x34 build/stm32g4xx_hal_gpio.o
 .ARM.attributes
                0x0000025a       0x34 build/stm32g4xx_hal_dma.o
 .ARM.attributes
                0x0000028e       0x34 build/stm32g4xx_hal_pwr_ex.o
 .ARM.attributes
                0x000002c2       0x34 build/stm32g4xx_hal_cortex.o
 .ARM.attributes
                0x000002f6       0x34 build/stm32g4xx_hal_spi.o
 .ARM.attributes
                0x0000032a       0x34 build/stm32g4xx_hal_tim.o
 .ARM.attributes
                0x0000035e       0x34 build/stm32g4xx_hal_tim_ex.o
 .ARM.attributes
                0x00000392       0x34 build/stm32g4xx_hal_uart.o
 .ARM.attributes
                0x000003c6       0x34 build/stm32g4xx_hal_uart_ex.o
 .ARM.attributes
                0x000003fa       0x34 build/system_stm32g4xx.o
 .ARM.attributes
                0x0000042e       0x21 build/startup_stm32g431xx.o
 .ARM.attributes
                0x0000044f       0x34 c:/programdata/chocolatey/lib/gcc-arm-embedded/tools/gcc-arm-none-eabi-10-2020-q4-major/bin/../lib/gcc/arm-none-eabi/10.2.1/../../../../arm-none-eabi/lib/thumb/v7e-m+fp/hard\libc_nano.a(lib_a-init.o)
 .ARM.attributes
                0x00000483       0x34 c:/programdata/chocolatey/lib/gcc-arm-embedded/tools/gcc-arm-none-eabi-10-2020-q4-major/bin/../lib/gcc/arm-none-eabi/10.2.1/../../../../arm-none-eabi/lib/thumb/v7e-m+fp/hard\libc_nano.a(lib_a-memset.o)
 .ARM.attributes
                0x000004b7       0x34 c:/programdata/chocolatey/lib/gcc-arm-embedded/tools/gcc-arm-none-eabi-10-2020-q4-major/bin/../lib/gcc/arm-none-eabi/10.2.1/../../../../arm-none-eabi/lib/thumb/v7e-m+fp/hard\libm.a(lib_a-s_round.o)
 .ARM.attributes
                0x000004eb       0x34 c:/programdata/chocolatey/lib/gcc-arm-embedded/tools/gcc-arm-none-eabi-10-2020-q4-major/bin/../lib/gcc/arm-none-eabi/10.2.1/../../../../arm-none-eabi/lib/thumb/v7e-m+fp/hard\libm.a(lib_a-s_sin.o)
 .ARM.attributes
                0x0000051f       0x34 c:/programdata/chocolatey/lib/gcc-arm-embedded/tools/gcc-arm-none-eabi-10-2020-q4-major/bin/../lib/gcc/arm-none-eabi/10.2.1/../../../../arm-none-eabi/lib/thumb/v7e-m+fp/hard\libm.a(lib_a-e_rem_pio2.o)
 .ARM.attributes
                0x00000553       0x34 c:/programdata/chocolatey/lib/gcc-arm-embedded/tools/gcc-arm-none-eabi-10-2020-q4-major/bin/../lib/gcc/arm-none-eabi/10.2.1/../../../../arm-none-eabi/lib/thumb/v7e-m+fp/hard\libm.a(lib_a-k_cos.o)
 .ARM.attributes
                0x00000587       0x34 c:/programdata/chocolatey/lib/gcc-arm-embedded/tools/gcc-arm-none-eabi-10-2020-q4-major/bin/../lib/gcc/arm-none-eabi/10.2.1/../../../../arm-none-eabi/lib/thumb/v7e-m+fp/hard\libm.a(lib_a-k_rem_pio2.o)
 .ARM.attributes
                0x000005bb       0x34 c:/programdata/chocolatey/lib/gcc-arm-embedded/tools/gcc-arm-none-eabi-10-2020-q4-major/bin/../lib/gcc/arm-none-eabi/10.2.1/../../../../arm-none-eabi/lib/thumb/v7e-m+fp/hard\libm.a(lib_a-k_sin.o)
 .ARM.attributes
                0x000005ef       0x34 c:/programdata/chocolatey/lib/gcc-arm-embedded/tools/gcc-arm-none-eabi-10-2020-q4-major/bin/../lib/gcc/arm-none-eabi/10.2.1/../../../../arm-none-eabi/lib/thumb/v7e-m+fp/hard\libm.a(lib_a-s_fabs.o)
 .ARM.attributes
                0x00000623       0x34 c:/programdata/chocolatey/lib/gcc-arm-embedded/tools/gcc-arm-none-eabi-10-2020-q4-major/bin/../lib/gcc/arm-none-eabi/10.2.1/../../../../arm-none-eabi/lib/thumb/v7e-m+fp/hard\libm.a(lib_a-s_floor.o)
 .ARM.attributes
                0x00000657       0x34 c:/programdata/chocolatey/lib/gcc-arm-embedded/tools/gcc-arm-none-eabi-10-2020-q4-major/bin/../lib/gcc/arm-none-eabi/10.2.1/../../../../arm-none-eabi/lib/thumb/v7e-m+fp/hard\libm.a(lib_a-s_scalbn.o)
 .ARM.attributes
                0x0000068b       0x1e c:/programdata/chocolatey/lib/gcc-arm-embedded/tools/gcc-arm-none-eabi-10-2020-q4-major/bin/../lib/gcc/arm-none-eabi/10.2.1/thumb/v7e-m+fp/hard\libgcc.a(_arm_addsubdf3.o)
 .ARM.attributes
                0x000006a9       0x1e c:/programdata/chocolatey/lib/gcc-arm-embedded/tools/gcc-arm-none-eabi-10-2020-q4-major/bin/../lib/gcc/arm-none-eabi/10.2.1/thumb/v7e-m+fp/hard\libgcc.a(_arm_muldivdf3.o)
 .ARM.attributes
                0x000006c7       0x1e c:/programdata/chocolatey/lib/gcc-arm-embedded/tools/gcc-arm-none-eabi-10-2020-q4-major/bin/../lib/gcc/arm-none-eabi/10.2.1/thumb/v7e-m+fp/hard\libgcc.a(_arm_cmpdf2.o)
 .ARM.attributes
                0x000006e5       0x1e c:/programdata/chocolatey/lib/gcc-arm-embedded/tools/gcc-arm-none-eabi-10-2020-q4-major/bin/../lib/gcc/arm-none-eabi/10.2.1/thumb/v7e-m+fp/hard\libgcc.a(_arm_fixdfsi.o)
 .ARM.attributes
                0x00000703       0x1e c:/programdata/chocolatey/lib/gcc-arm-embedded/tools/gcc-arm-none-eabi-10-2020-q4-major/bin/../lib/gcc/arm-none-eabi/10.2.1/thumb/v7e-m+fp/hard\libgcc.a(_arm_fixunsdfsi.o)
 .ARM.attributes
                0x00000721       0x1e c:/programdata/chocolatey/lib/gcc-arm-embedded/tools/gcc-arm-none-eabi-10-2020-q4-major/bin/../lib/gcc/arm-none-eabi/10.2.1/thumb/v7e-m+fp/hard\libgcc.a(_arm_truncdfsf2.o)
 .ARM.attributes
                0x0000073f       0x1e c:/programdata/chocolatey/lib/gcc-arm-embedded/tools/gcc-arm-none-eabi-10-2020-q4-major/bin/../lib/gcc/arm-none-eabi/10.2.1/thumb/v7e-m+fp/hard\libgcc.a(_aeabi_uldivmod.o)
 .ARM.attributes
                0x0000075d       0x34 c:/programdata/chocolatey/lib/gcc-arm-embedded/tools/gcc-arm-none-eabi-10-2020-q4-major/bin/../lib/gcc/arm-none-eabi/10.2.1/thumb/v7e-m+fp/hard\libgcc.a(_udivmoddi4.o)
 .ARM.attributes
                0x00000791       0x1e c:/programdata/chocolatey/lib/gcc-arm-embedded/tools/gcc-arm-none-eabi-10-2020-q4-major/bin/../lib/gcc/arm-none-eabi/10.2.1/thumb/v7e-m+fp/hard\libgcc.a(_dvmd_tls.o)
 .ARM.attributes
                0x000007af       0x1e c:/programdata/chocolatey/lib/gcc-arm-embedded/tools/gcc-arm-none-eabi-10-2020-q4-major/bin/../lib/gcc/arm-none-eabi/10.2.1/thumb/v7e-m+fp/hard/crtn.o
OUTPUT(build/orbiteProgramEdit.elf elf32-littlearm)
LOAD linker stubs
LOAD c:/programdata/chocolatey/lib/gcc-arm-embedded/tools/gcc-arm-none-eabi-10-2020-q4-major/bin/../lib/gcc/arm-none-eabi/10.2.1/../../../../arm-none-eabi/lib/thumb/v7e-m+fp/hard\libc.a
LOAD c:/programdata/chocolatey/lib/gcc-arm-embedded/tools/gcc-arm-none-eabi-10-2020-q4-major/bin/../lib/gcc/arm-none-eabi/10.2.1/../../../../arm-none-eabi/lib/thumb/v7e-m+fp/hard\libm.a
LOAD c:/programdata/chocolatey/lib/gcc-arm-embedded/tools/gcc-arm-none-eabi-10-2020-q4-major/bin/../lib/gcc/arm-none-eabi/10.2.1/thumb/v7e-m+fp/hard\libgcc.a

.debug_info     0x00000000    0x26ce7
 .debug_info    0x00000000     0x39a1 build/main.o
 .debug_info    0x000039a1      0xe66 build/stm32g4xx_it.o
 .debug_info    0x00004807     0x24f0 build/stm32g4xx_hal_msp.o
 .debug_info    0x00006cf7     0x2770 build/motor.o
 .debug_info    0x00009467     0x3920 build/stm32g4xx_hal_adc.o
 .debug_info    0x0000cd87     0x3187 build/stm32g4xx_hal_adc_ex.o
 .debug_info    0x0000ff0e      0xce4 build/stm32g4xx_hal.o
 .debug_info    0x00010bf2      0xfdb build/stm32g4xx_hal_rcc.o
 .debug_info    0x00011bcd     0x1035 build/stm32g4xx_hal_rcc_ex.o
 .debug_info    0x00012c02      0x92d build/stm32g4xx_hal_gpio.o
 .debug_info    0x0001352f      0xaeb build/stm32g4xx_hal_dma.o
 .debug_info    0x0001401a      0xb20 build/stm32g4xx_hal_pwr_ex.o
 .debug_info    0x00014b3a     0x111d build/stm32g4xx_hal_cortex.o
 .debug_info    0x00015c57     0x2456 build/stm32g4xx_hal_spi.o
 .debug_info    0x000180ad     0x4445 build/stm32g4xx_hal_tim.o
 .debug_info    0x0001c4f2     0x2776 build/stm32g4xx_hal_tim_ex.o
 .debug_info    0x0001ec68     0x6667 build/stm32g4xx_hal_uart.o
 .debug_info    0x000252cf     0x13ad build/stm32g4xx_hal_uart_ex.o
 .debug_info    0x0002667c      0x649 build/system_stm32g4xx.o
 .debug_info    0x00026cc5       0x22 build/startup_stm32g431xx.o

.debug_abbrev   0x00000000     0x320b
 .debug_abbrev  0x00000000      0x347 build/main.o
 .debug_abbrev  0x00000347      0x1a9 build/stm32g4xx_it.o
 .debug_abbrev  0x000004f0      0x270 build/stm32g4xx_hal_msp.o
 .debug_abbrev  0x00000760      0x321 build/motor.o
 .debug_abbrev  0x00000a81      0x308 build/stm32g4xx_hal_adc.o
 .debug_abbrev  0x00000d89      0x37b build/stm32g4xx_hal_adc_ex.o
 .debug_abbrev  0x00001104      0x25d build/stm32g4xx_hal.o
 .debug_abbrev  0x00001361      0x2ac build/stm32g4xx_hal_rcc.o
 .debug_abbrev  0x0000160d      0x262 build/stm32g4xx_hal_rcc_ex.o
 .debug_abbrev  0x0000186f      0x222 build/stm32g4xx_hal_gpio.o
 .debug_abbrev  0x00001a91      0x251 build/stm32g4xx_hal_dma.o
 .debug_abbrev  0x00001ce2      0x264 build/stm32g4xx_hal_pwr_ex.o
 .debug_abbrev  0x00001f46      0x379 build/stm32g4xx_hal_cortex.o
 .debug_abbrev  0x000022bf      0x285 build/stm32g4xx_hal_spi.o
 .debug_abbrev  0x00002544      0x298 build/stm32g4xx_hal_tim.o
 .debug_abbrev  0x000027dc      0x2ae build/stm32g4xx_hal_tim_ex.o
 .debug_abbrev  0x00002a8a      0x343 build/stm32g4xx_hal_uart.o
 .debug_abbrev  0x00002dcd      0x311 build/stm32g4xx_hal_uart_ex.o
 .debug_abbrev  0x000030de      0x11b build/system_stm32g4xx.o
 .debug_abbrev  0x000031f9       0x12 build/startup_stm32g431xx.o

.debug_loc      0x00000000    0x1d5f9
 .debug_loc     0x00000000      0x5bf build/main.o
 .debug_loc     0x000005bf       0x80 build/stm32g4xx_it.o
 .debug_loc     0x0000063f      0x534 build/stm32g4xx_hal_msp.o
 .debug_loc     0x00000b73      0x771 build/motor.o
 .debug_loc     0x000012e4     0x2af6 build/stm32g4xx_hal_adc.o
 .debug_loc     0x00003dda     0x282a build/stm32g4xx_hal_adc_ex.o
 .debug_loc     0x00006604      0x2af build/stm32g4xx_hal.o
 .debug_loc     0x000068b3      0x999 build/stm32g4xx_hal_rcc.o
 .debug_loc     0x0000724c     0x12f1 build/stm32g4xx_hal_rcc_ex.o
 .debug_loc     0x0000853d      0x46f build/stm32g4xx_hal_gpio.o
 .debug_loc     0x000089ac      0x9d0 build/stm32g4xx_hal_dma.o
 .debug_loc     0x0000937c      0xa26 build/stm32g4xx_hal_pwr_ex.o
 .debug_loc     0x00009da2      0x796 build/stm32g4xx_hal_cortex.o
 .debug_loc     0x0000a538     0x2970 build/stm32g4xx_hal_spi.o
 .debug_loc     0x0000cea8     0x637d build/stm32g4xx_hal_tim.o
 .debug_loc     0x00013225     0x332b build/stm32g4xx_hal_tim_ex.o
 .debug_loc     0x00016550     0x61e2 build/stm32g4xx_hal_uart.o
 .debug_loc     0x0001c732      0xe2a build/stm32g4xx_hal_uart_ex.o
 .debug_loc     0x0001d55c       0x9d build/system_stm32g4xx.o

.debug_aranges  0x00000000     0x14f8
 .debug_aranges
                0x00000000       0xb8 build/main.o
 .debug_aranges
                0x000000b8       0x78 build/stm32g4xx_it.o
 .debug_aranges
                0x00000130       0x88 build/stm32g4xx_hal_msp.o
 .debug_aranges
                0x000001b8       0xb0 build/motor.o
 .debug_aranges
                0x00000268      0x108 build/stm32g4xx_hal_adc.o
 .debug_aranges
                0x00000370       0xf0 build/stm32g4xx_hal_adc_ex.o
 .debug_aranges
                0x00000460      0x148 build/stm32g4xx_hal.o
 .debug_aranges
                0x000005a8       0x98 build/stm32g4xx_hal_rcc.o
 .debug_aranges
                0x00000640       0xb0 build/stm32g4xx_hal_rcc_ex.o
 .debug_aranges
                0x000006f0       0x58 build/stm32g4xx_hal_gpio.o
 .debug_aranges
                0x00000748       0x90 build/stm32g4xx_hal_dma.o
 .debug_aranges
                0x000007d8      0x140 build/stm32g4xx_hal_pwr_ex.o
 .debug_aranges
                0x00000918       0xa8 build/stm32g4xx_hal_cortex.o
 .debug_aranges
                0x000009c0      0x1d8 build/stm32g4xx_hal_spi.o
 .debug_aranges
                0x00000b98      0x3e0 build/stm32g4xx_hal_tim.o
 .debug_aranges
                0x00000f78      0x240 build/stm32g4xx_hal_tim_ex.o
 .debug_aranges
                0x000011b8      0x248 build/stm32g4xx_hal_uart.o
 .debug_aranges
                0x00001400       0xa8 build/stm32g4xx_hal_uart_ex.o
 .debug_aranges
                0x000014a8       0x28 build/system_stm32g4xx.o
 .debug_aranges
                0x000014d0       0x28 build/startup_stm32g431xx.o

.debug_ranges   0x00000000     0x16c0
 .debug_ranges  0x00000000       0xa8 build/main.o
 .debug_ranges  0x000000a8       0x68 build/stm32g4xx_it.o
 .debug_ranges  0x00000110       0x78 build/stm32g4xx_hal_msp.o
 .debug_ranges  0x00000188       0xa0 build/motor.o
 .debug_ranges  0x00000228      0x230 build/stm32g4xx_hal_adc.o
 .debug_ranges  0x00000458      0x200 build/stm32g4xx_hal_adc_ex.o
 .debug_ranges  0x00000658      0x138 build/stm32g4xx_hal.o
 .debug_ranges  0x00000790       0xa0 build/stm32g4xx_hal_rcc.o
 .debug_ranges  0x00000830       0xb8 build/stm32g4xx_hal_rcc_ex.o
 .debug_ranges  0x000008e8       0x48 build/stm32g4xx_hal_gpio.o
 .debug_ranges  0x00000930       0x80 build/stm32g4xx_hal_dma.o
 .debug_ranges  0x000009b0      0x130 build/stm32g4xx_hal_pwr_ex.o
 .debug_ranges  0x00000ae0       0xf8 build/stm32g4xx_hal_cortex.o
 .debug_ranges  0x00000bd8      0x1c8 build/stm32g4xx_hal_spi.o
 .debug_ranges  0x00000da0      0x3d0 build/stm32g4xx_hal_tim.o
 .debug_ranges  0x00001170      0x230 build/stm32g4xx_hal_tim_ex.o
 .debug_ranges  0x000013a0      0x238 build/stm32g4xx_hal_uart.o
 .debug_ranges  0x000015d8       0xb0 build/stm32g4xx_hal_uart_ex.o
 .debug_ranges  0x00001688       0x18 build/system_stm32g4xx.o
 .debug_ranges  0x000016a0       0x20 build/startup_stm32g431xx.o

.debug_line     0x00000000    0x1d04c
 .debug_line    0x00000000     0x1152 build/main.o
 .debug_line    0x00001152      0x37d build/stm32g4xx_it.o
 .debug_line    0x000014cf      0x8cb build/stm32g4xx_hal_msp.o
 .debug_line    0x00001d9a      0xb99 build/motor.o
 .debug_line    0x00002933     0x2486 build/stm32g4xx_hal_adc.o
 .debug_line    0x00004db9     0x1f0f build/stm32g4xx_hal_adc_ex.o
 .debug_line    0x00006cc8      0x713 build/stm32g4xx_hal.o
 .debug_line    0x000073db      0xe30 build/stm32g4xx_hal_rcc.o
 .debug_line    0x0000820b     0x109e build/stm32g4xx_hal_rcc_ex.o
 .debug_line    0x000092a9      0x6c8 build/stm32g4xx_hal_gpio.o
 .debug_line    0x00009971      0xc8a build/stm32g4xx_hal_dma.o
 .debug_line    0x0000a5fb      0xaba build/stm32g4xx_hal_pwr_ex.o
 .debug_line    0x0000b0b5      0x7a8 build/stm32g4xx_hal_cortex.o
 .debug_line    0x0000b85d     0x2a11 build/stm32g4xx_hal_spi.o
 .debug_line    0x0000e26e     0x53af build/stm32g4xx_hal_tim.o
 .debug_line    0x0001361d     0x25f9 build/stm32g4xx_hal_tim_ex.o
 .debug_line    0x00015c16     0x6460 build/stm32g4xx_hal_uart.o
 .debug_line    0x0001c076      0xcd8 build/stm32g4xx_hal_uart_ex.o
 .debug_line    0x0001cd4e      0x287 build/system_stm32g4xx.o
 .debug_line    0x0001cfd5       0x77 build/startup_stm32g431xx.o

.debug_str      0x00000000     0x70ec
 .debug_str     0x00000000     0x1ec2 build/main.o
                               0x20d8 (size before relaxing)
 .debug_str     0x00001ec2      0x127 build/stm32g4xx_it.o
                                0xb45 (size before relaxing)
 .debug_str     0x00001fe9      0x31e build/stm32g4xx_hal_msp.o
                               0x17f5 (size before relaxing)
 .debug_str     0x00002307      0x197 build/motor.o
                               0x112b (size before relaxing)
 .debug_str     0x0000249e      0x9c5 build/stm32g4xx_hal_adc.o
                               0x12d0 (size before relaxing)
 .debug_str     0x00002e63      0x5e5 build/stm32g4xx_hal_adc_ex.o
                               0x12a7 (size before relaxing)
 .debug_str     0x00003448      0x470 build/stm32g4xx_hal.o
                                0xc49 (size before relaxing)
 .debug_str     0x000038b8      0x300 build/stm32g4xx_hal_rcc.o
                                0x816 (size before relaxing)
 .debug_str     0x00003bb8      0x3af build/stm32g4xx_hal_rcc_ex.o
                                0x9fd (size before relaxing)
 .debug_str     0x00003f67       0xab build/stm32g4xx_hal_gpio.o
                                0x527 (size before relaxing)
 .debug_str     0x00004012      0x2ac build/stm32g4xx_hal_dma.o
                                0x788 (size before relaxing)
 .debug_str     0x000042be      0x4c3 build/stm32g4xx_hal_pwr_ex.o
                                0x7c9 (size before relaxing)
 .debug_str     0x00004781      0x424 build/stm32g4xx_hal_cortex.o
                                0xb71 (size before relaxing)
 .debug_str     0x00004ba5      0x544 build/stm32g4xx_hal_spi.o
                                0xccd (size before relaxing)
 .debug_str     0x000050e9      0xd35 build/stm32g4xx_hal_tim.o
                               0x1856 (size before relaxing)
 .debug_str     0x00005e1e      0x816 build/stm32g4xx_hal_tim_ex.o
                               0x14ae (size before relaxing)
 .debug_str     0x00006634      0x818 build/stm32g4xx_hal_uart.o
                               0x1211 (size before relaxing)
 .debug_str     0x00006e4c      0x23f build/stm32g4xx_hal_uart_ex.o
                                0xb3a (size before relaxing)
 .debug_str     0x0000708b       0x3d build/system_stm32g4xx.o
                                0x3ae (size before relaxing)
 .debug_str     0x000070c8       0x24 build/startup_stm32g431xx.o
                                 0x4d (size before relaxing)

.comment        0x00000000       0x4d
 .comment       0x00000000       0x4d build/main.o
                                 0x4e (size before relaxing)
 .comment       0x0000004d       0x4e build/stm32g4xx_it.o
 .comment       0x0000004d       0x4e build/stm32g4xx_hal_msp.o
 .comment       0x0000004d       0x4e build/motor.o
 .comment       0x0000004d       0x4e build/stm32g4xx_hal_adc.o
 .comment       0x0000004d       0x4e build/stm32g4xx_hal_adc_ex.o
 .comment       0x0000004d       0x4e build/stm32g4xx_hal.o
 .comment       0x0000004d       0x4e build/stm32g4xx_hal_rcc.o
 .comment       0x0000004d       0x4e build/stm32g4xx_hal_rcc_ex.o
 .comment       0x0000004d       0x4e build/stm32g4xx_hal_gpio.o
 .comment       0x0000004d       0x4e build/stm32g4xx_hal_dma.o
 .comment       0x0000004d       0x4e build/stm32g4xx_hal_pwr_ex.o
 .comment       0x0000004d       0x4e build/stm32g4xx_hal_cortex.o
 .comment       0x0000004d       0x4e build/stm32g4xx_hal_spi.o
 .comment       0x0000004d       0x4e build/stm32g4xx_hal_tim.o
 .comment       0x0000004d       0x4e build/stm32g4xx_hal_tim_ex.o
 .comment       0x0000004d       0x4e build/stm32g4xx_hal_uart.o
 .comment       0x0000004d       0x4e build/stm32g4xx_hal_uart_ex.o
 .comment       0x0000004d       0x4e build/system_stm32g4xx.o

.debug_frame    0x00000000     0x3da8
 .debug_frame   0x00000000      0x254 build/main.o
 .debug_frame   0x00000254       0xf0 build/stm32g4xx_it.o
 .debug_frame   0x00000344      0x188 build/stm32g4xx_hal_msp.o
 .debug_frame   0x000004cc      0x228 build/motor.o
 .debug_frame   0x000006f4      0x2f8 build/stm32g4xx_hal_adc.o
 .debug_frame   0x000009ec      0x2c8 build/stm32g4xx_hal_adc_ex.o
 .debug_frame   0x00000cb4      0x2a4 build/stm32g4xx_hal.o
 .debug_frame   0x00000f58      0x198 build/stm32g4xx_hal_rcc.o
 .debug_frame   0x000010f0      0x1a0 build/stm32g4xx_hal_rcc_ex.o
 .debug_frame   0x00001290       0xd0 build/stm32g4xx_hal_gpio.o
 .debug_frame   0x00001360      0x170 build/stm32g4xx_hal_dma.o
 .debug_frame   0x000014d0      0x268 build/stm32g4xx_hal_pwr_ex.o
 .debug_frame   0x00001738      0x148 build/stm32g4xx_hal_cortex.o
 .debug_frame   0x00001880      0x5f8 build/stm32g4xx_hal_spi.o
 .debug_frame   0x00001e78      0xb58 build/stm32g4xx_hal_tim.o
 .debug_frame   0x000029d0      0x610 build/stm32g4xx_hal_tim_ex.o
 .debug_frame   0x00002fe0      0x67c build/stm32g4xx_hal_uart.o
 .debug_frame   0x0000365c      0x1d8 build/stm32g4xx_hal_uart_ex.o
 .debug_frame   0x00003834       0x30 build/system_stm32g4xx.o
 .debug_frame   0x00003864       0x2c c:/programdata/chocolatey/lib/gcc-arm-embedded/tools/gcc-arm-none-eabi-10-2020-q4-major/bin/../lib/gcc/arm-none-eabi/10.2.1/../../../../arm-none-eabi/lib/thumb/v7e-m+fp/hard\libc_nano.a(lib_a-init.o)
 .debug_frame   0x00003890       0x20 c:/programdata/chocolatey/lib/gcc-arm-embedded/tools/gcc-arm-none-eabi-10-2020-q4-major/bin/../lib/gcc/arm-none-eabi/10.2.1/../../../../arm-none-eabi/lib/thumb/v7e-m+fp/hard\libc_nano.a(lib_a-memset.o)
 .debug_frame   0x000038b0       0x28 c:/programdata/chocolatey/lib/gcc-arm-embedded/tools/gcc-arm-none-eabi-10-2020-q4-major/bin/../lib/gcc/arm-none-eabi/10.2.1/../../../../arm-none-eabi/lib/thumb/v7e-m+fp/hard\libm.a(lib_a-s_round.o)
 .debug_frame   0x000038d8       0x3c c:/programdata/chocolatey/lib/gcc-arm-embedded/tools/gcc-arm-none-eabi-10-2020-q4-major/bin/../lib/gcc/arm-none-eabi/10.2.1/../../../../arm-none-eabi/lib/thumb/v7e-m+fp/hard\libm.a(lib_a-s_sin.o)
 .debug_frame   0x00003914       0x7c c:/programdata/chocolatey/lib/gcc-arm-embedded/tools/gcc-arm-none-eabi-10-2020-q4-major/bin/../lib/gcc/arm-none-eabi/10.2.1/../../../../arm-none-eabi/lib/thumb/v7e-m+fp/hard\libm.a(lib_a-e_rem_pio2.o)
 .debug_frame   0x00003990       0x70 c:/programdata/chocolatey/lib/gcc-arm-embedded/tools/gcc-arm-none-eabi-10-2020-q4-major/bin/../lib/gcc/arm-none-eabi/10.2.1/../../../../arm-none-eabi/lib/thumb/v7e-m+fp/hard\libm.a(lib_a-k_cos.o)
 .debug_frame   0x00003a00       0x58 c:/programdata/chocolatey/lib/gcc-arm-embedded/tools/gcc-arm-none-eabi-10-2020-q4-major/bin/../lib/gcc/arm-none-eabi/10.2.1/../../../../arm-none-eabi/lib/thumb/v7e-m+fp/hard\libm.a(lib_a-k_rem_pio2.o)
 .debug_frame   0x00003a58       0x48 c:/programdata/chocolatey/lib/gcc-arm-embedded/tools/gcc-arm-none-eabi-10-2020-q4-major/bin/../lib/gcc/arm-none-eabi/10.2.1/../../../../arm-none-eabi/lib/thumb/v7e-m+fp/hard\libm.a(lib_a-k_sin.o)
 .debug_frame   0x00003aa0       0x20 c:/programdata/chocolatey/lib/gcc-arm-embedded/tools/gcc-arm-none-eabi-10-2020-q4-major/bin/../lib/gcc/arm-none-eabi/10.2.1/../../../../arm-none-eabi/lib/thumb/v7e-m+fp/hard\libm.a(lib_a-s_fabs.o)
 .debug_frame   0x00003ac0       0x30 c:/programdata/chocolatey/lib/gcc-arm-embedded/tools/gcc-arm-none-eabi-10-2020-q4-major/bin/../lib/gcc/arm-none-eabi/10.2.1/../../../../arm-none-eabi/lib/thumb/v7e-m+fp/hard\libm.a(lib_a-s_floor.o)
 .debug_frame   0x00003af0       0x2c c:/programdata/chocolatey/lib/gcc-arm-embedded/tools/gcc-arm-none-eabi-10-2020-q4-major/bin/../lib/gcc/arm-none-eabi/10.2.1/../../../../arm-none-eabi/lib/thumb/v7e-m+fp/hard\libm.a(lib_a-s_scalbn.o)
 .debug_frame   0x00003b1c       0xac c:/programdata/chocolatey/lib/gcc-arm-embedded/tools/gcc-arm-none-eabi-10-2020-q4-major/bin/../lib/gcc/arm-none-eabi/10.2.1/thumb/v7e-m+fp/hard\libgcc.a(_arm_addsubdf3.o)
 .debug_frame   0x00003bc8       0x50 c:/programdata/chocolatey/lib/gcc-arm-embedded/tools/gcc-arm-none-eabi-10-2020-q4-major/bin/../lib/gcc/arm-none-eabi/10.2.1/thumb/v7e-m+fp/hard\libgcc.a(_arm_muldivdf3.o)
 .debug_frame   0x00003c18       0xc4 c:/programdata/chocolatey/lib/gcc-arm-embedded/tools/gcc-arm-none-eabi-10-2020-q4-major/bin/../lib/gcc/arm-none-eabi/10.2.1/thumb/v7e-m+fp/hard\libgcc.a(_arm_cmpdf2.o)
 .debug_frame   0x00003cdc       0x24 c:/programdata/chocolatey/lib/gcc-arm-embedded/tools/gcc-arm-none-eabi-10-2020-q4-major/bin/../lib/gcc/arm-none-eabi/10.2.1/thumb/v7e-m+fp/hard\libgcc.a(_arm_fixdfsi.o)
 .debug_frame   0x00003d00       0x24 c:/programdata/chocolatey/lib/gcc-arm-embedded/tools/gcc-arm-none-eabi-10-2020-q4-major/bin/../lib/gcc/arm-none-eabi/10.2.1/thumb/v7e-m+fp/hard\libgcc.a(_arm_fixunsdfsi.o)
 .debug_frame   0x00003d24       0x24 c:/programdata/chocolatey/lib/gcc-arm-embedded/tools/gcc-arm-none-eabi-10-2020-q4-major/bin/../lib/gcc/arm-none-eabi/10.2.1/thumb/v7e-m+fp/hard\libgcc.a(_arm_truncdfsf2.o)
 .debug_frame   0x00003d48       0x2c c:/programdata/chocolatey/lib/gcc-arm-embedded/tools/gcc-arm-none-eabi-10-2020-q4-major/bin/../lib/gcc/arm-none-eabi/10.2.1/thumb/v7e-m+fp/hard\libgcc.a(_aeabi_uldivmod.o)
 .debug_frame   0x00003d74       0x34 c:/programdata/chocolatey/lib/gcc-arm-embedded/tools/gcc-arm-none-eabi-10-2020-q4-major/bin/../lib/gcc/arm-none-eabi/10.2.1/thumb/v7e-m+fp/hard\libgcc.a(_udivmoddi4.o)

Cross Reference Table

Symbol                                            File
ADC1_2_IRQHandler                                 build/startup_stm32g431xx.o
ADC_ConversionStop                                build/stm32g4xx_hal_adc.o
                                                  build/stm32g4xx_hal_adc_ex.o
ADC_DMAConvCplt                                   build/stm32g4xx_hal_adc.o
                                                  build/stm32g4xx_hal_adc_ex.o
ADC_DMAError                                      build/stm32g4xx_hal_adc.o
                                                  build/stm32g4xx_hal_adc_ex.o
ADC_DMAHalfConvCplt                               build/stm32g4xx_hal_adc.o
                                                  build/stm32g4xx_hal_adc_ex.o
ADC_Disable                                       build/stm32g4xx_hal_adc.o
                                                  build/stm32g4xx_hal_adc_ex.o
ADC_Enable                                        build/stm32g4xx_hal_adc.o
                                                  build/stm32g4xx_hal_adc_ex.o
AHBPrescTable                                     build/system_stm32g4xx.o
                                                  build/stm32g4xx_hal_rcc.o
APBPrescTable                                     build/system_stm32g4xx.o
                                                  build/stm32g4xx_hal_rcc.o
BusFault_Handler                                  build/stm32g4xx_it.o
COMP1_2_3_IRQHandler                              build/startup_stm32g431xx.o
COMP4_IRQHandler                                  build/startup_stm32g431xx.o
CORDIC_IRQHandler                                 build/startup_stm32g431xx.o
CRS_IRQHandler                                    build/startup_stm32g431xx.o
CURRENT_FILTER_CONST                              build/motor.o
DMA1_Channel1_IRQHandler                          build/startup_stm32g431xx.o
DMA1_Channel2_IRQHandler                          build/startup_stm32g431xx.o
DMA1_Channel3_IRQHandler                          build/startup_stm32g431xx.o
DMA1_Channel4_IRQHandler                          build/startup_stm32g431xx.o
DMA1_Channel5_IRQHandler                          build/startup_stm32g431xx.o
DMA1_Channel6_IRQHandler                          build/startup_stm32g431xx.o
DMA2_Channel1_IRQHandler                          build/startup_stm32g431xx.o
DMA2_Channel2_IRQHandler                          build/startup_stm32g431xx.o
DMA2_Channel3_IRQHandler                          build/startup_stm32g431xx.o
DMA2_Channel4_IRQHandler                          build/startup_stm32g431xx.o
DMA2_Channel5_IRQHandler                          build/startup_stm32g431xx.o
DMA2_Channel6_IRQHandler                          build/startup_stm32g431xx.o
DMAMUX_OVR_IRQHandler                             build/startup_stm32g431xx.o
DebugMon_Handler                                  build/stm32g4xx_it.o
Default_Handler                                   build/startup_stm32g431xx.o
Difference                                        build/main.o
Difference1                                       build/main.o
Difference2                                       build/main.o
Difference3                                       build/main.o
EXTI0_IRQHandler                                  build/startup_stm32g431xx.o
EXTI15_10_IRQHandler                              build/startup_stm32g431xx.o
EXTI1_IRQHandler                                  build/startup_stm32g431xx.o
EXTI2_IRQHandler                                  build/stm32g4xx_it.o
EXTI3_IRQHandler                                  build/startup_stm32g431xx.o
EXTI4_IRQHandler                                  build/startup_stm32g431xx.o
EXTI9_5_IRQHandler                                build/startup_stm32g431xx.o
Error_Handler                                     build/main.o
                                                  build/motor.o
                                                  build/stm32g4xx_hal_msp.o
FDCAN1_IT0_IRQHandler                             build/startup_stm32g431xx.o
FDCAN1_IT1_IRQHandler                             build/startup_stm32g431xx.o
FLASH_FlushCaches                                 build/stm32g4xx_hal_flash_ex.o
                                                  build/stm32g4xx_hal_flash.o
FLASH_IRQHandler                                  build/startup_stm32g431xx.o
FLASH_PageErase                                   build/stm32g4xx_hal_flash_ex.o
                                                  build/stm32g4xx_hal_flash.o
FLASH_WaitForLastOperation                        build/stm32g4xx_hal_flash.o
                                                  build/stm32g4xx_hal_flash_ex.o
FMAC_IRQHandler                                   build/startup_stm32g431xx.o
FPU_IRQHandler                                    build/startup_stm32g431xx.o
HAL_ADCEx_Calibration_GetValue                    build/stm32g4xx_hal_adc_ex.o
HAL_ADCEx_Calibration_SetValue                    build/stm32g4xx_hal_adc_ex.o
HAL_ADCEx_Calibration_Start                       build/stm32g4xx_hal_adc_ex.o
HAL_ADCEx_DisableInjectedQueue                    build/stm32g4xx_hal_adc_ex.o
HAL_ADCEx_DisableVoltageRegulator                 build/stm32g4xx_hal_adc_ex.o
HAL_ADCEx_EnableInjectedQueue                     build/stm32g4xx_hal_adc_ex.o
HAL_ADCEx_EndOfSamplingCallback                   build/stm32g4xx_hal_adc_ex.o
                                                  build/stm32g4xx_hal_adc.o
HAL_ADCEx_EnterADCDeepPowerDownMode               build/stm32g4xx_hal_adc_ex.o
HAL_ADCEx_InjectedConfigChannel                   build/stm32g4xx_hal_adc_ex.o
HAL_ADCEx_InjectedConvCpltCallback                build/stm32g4xx_hal_adc_ex.o
                                                  build/stm32g4xx_hal_adc.o
HAL_ADCEx_InjectedGetValue                        build/stm32g4xx_hal_adc_ex.o
HAL_ADCEx_InjectedPollForConversion               build/stm32g4xx_hal_adc_ex.o
HAL_ADCEx_InjectedQueueOverflowCallback           build/stm32g4xx_hal_adc_ex.o
                                                  build/stm32g4xx_hal_adc.o
HAL_ADCEx_InjectedStart                           build/stm32g4xx_hal_adc_ex.o
HAL_ADCEx_InjectedStart_IT                        build/stm32g4xx_hal_adc_ex.o
HAL_ADCEx_InjectedStop                            build/stm32g4xx_hal_adc_ex.o
HAL_ADCEx_InjectedStop_IT                         build/stm32g4xx_hal_adc_ex.o
HAL_ADCEx_LevelOutOfWindow2Callback               build/stm32g4xx_hal_adc_ex.o
                                                  build/stm32g4xx_hal_adc.o
HAL_ADCEx_LevelOutOfWindow3Callback               build/stm32g4xx_hal_adc_ex.o
                                                  build/stm32g4xx_hal_adc.o
HAL_ADCEx_MultiModeConfigChannel                  build/stm32g4xx_hal_adc_ex.o
                                                  build/main.o
HAL_ADCEx_MultiModeGetValue                       build/stm32g4xx_hal_adc_ex.o
HAL_ADCEx_MultiModeStart_DMA                      build/stm32g4xx_hal_adc_ex.o
HAL_ADCEx_MultiModeStop_DMA                       build/stm32g4xx_hal_adc_ex.o
HAL_ADCEx_RegularMultiModeStop_DMA                build/stm32g4xx_hal_adc_ex.o
HAL_ADCEx_RegularStop                             build/stm32g4xx_hal_adc_ex.o
HAL_ADCEx_RegularStop_DMA                         build/stm32g4xx_hal_adc_ex.o
HAL_ADCEx_RegularStop_IT                          build/stm32g4xx_hal_adc_ex.o
HAL_ADC_AnalogWDGConfig                           build/stm32g4xx_hal_adc.o
HAL_ADC_ConfigChannel                             build/stm32g4xx_hal_adc.o
                                                  build/motor.o
                                                  build/main.o
HAL_ADC_ConvCpltCallback                          build/main.o
HAL_ADC_ConvHalfCpltCallback                      build/stm32g4xx_hal_adc.o
HAL_ADC_DeInit                                    build/stm32g4xx_hal_adc.o
HAL_ADC_ErrorCallback                             build/stm32g4xx_hal_adc.o
HAL_ADC_GetError                                  build/stm32g4xx_hal_adc.o
HAL_ADC_GetState                                  build/stm32g4xx_hal_adc.o
HAL_ADC_GetValue                                  build/stm32g4xx_hal_adc.o
                                                  build/motor.o
HAL_ADC_IRQHandler                                build/stm32g4xx_hal_adc.o
HAL_ADC_Init                                      build/stm32g4xx_hal_adc.o
                                                  build/main.o
HAL_ADC_LevelOutOfWindowCallback                  build/stm32g4xx_hal_adc.o
HAL_ADC_MspDeInit                                 build/stm32g4xx_hal_msp.o
HAL_ADC_MspInit                                   build/stm32g4xx_hal_msp.o
HAL_ADC_PollForConversion                         build/stm32g4xx_hal_adc.o
                                                  build/motor.o
HAL_ADC_PollForEvent                              build/stm32g4xx_hal_adc.o
HAL_ADC_Start                                     build/stm32g4xx_hal_adc.o
                                                  build/motor.o
HAL_ADC_StartSampling                             build/stm32g4xx_hal_adc.o
HAL_ADC_Start_DMA                                 build/stm32g4xx_hal_adc.o
HAL_ADC_Start_IT                                  build/stm32g4xx_hal_adc.o
HAL_ADC_Stop                                      build/stm32g4xx_hal_adc.o
                                                  build/motor.o
HAL_ADC_StopSampling                              build/stm32g4xx_hal_adc.o
HAL_ADC_Stop_DMA                                  build/stm32g4xx_hal_adc.o
HAL_ADC_Stop_IT                                   build/stm32g4xx_hal_adc.o
HAL_DBGMCU_DisableDBGSleepMode                    build/stm32g4xx_hal.o
HAL_DBGMCU_DisableDBGStandbyMode                  build/stm32g4xx_hal.o
HAL_DBGMCU_DisableDBGStopMode                     build/stm32g4xx_hal.o
HAL_DBGMCU_EnableDBGSleepMode                     build/stm32g4xx_hal.o
HAL_DBGMCU_EnableDBGStandbyMode                   build/stm32g4xx_hal.o
HAL_DBGMCU_EnableDBGStopMode                      build/stm32g4xx_hal.o
HAL_DMAEx_ConfigMuxRequestGenerator               build/stm32g4xx_hal_dma_ex.o
HAL_DMAEx_ConfigMuxSync                           build/stm32g4xx_hal_dma_ex.o
HAL_DMAEx_DisableMuxRequestGenerator              build/stm32g4xx_hal_dma_ex.o
HAL_DMAEx_EnableMuxRequestGenerator               build/stm32g4xx_hal_dma_ex.o
HAL_DMAEx_MUX_IRQHandler                          build/stm32g4xx_hal_dma_ex.o
HAL_DMA_Abort                                     build/stm32g4xx_hal_dma.o
                                                  build/stm32g4xx_hal_uart.o
                                                  build/stm32g4xx_hal_spi.o
                                                  build/stm32g4xx_hal_adc_ex.o
                                                  build/stm32g4xx_hal_adc.o
HAL_DMA_Abort_IT                                  build/stm32g4xx_hal_dma.o
                                                  build/stm32g4xx_hal_uart.o
                                                  build/stm32g4xx_hal_tim_ex.o
                                                  build/stm32g4xx_hal_tim.o
                                                  build/stm32g4xx_hal_spi.o
HAL_DMA_DeInit                                    build/stm32g4xx_hal_dma.o
HAL_DMA_GetError                                  build/stm32g4xx_hal_dma.o
                                                  build/stm32g4xx_hal_uart.o
HAL_DMA_GetState                                  build/stm32g4xx_hal_dma.o
HAL_DMA_IRQHandler                                build/stm32g4xx_hal_dma.o
HAL_DMA_Init                                      build/stm32g4xx_hal_dma.o
HAL_DMA_PollForTransfer                           build/stm32g4xx_hal_dma.o
HAL_DMA_RegisterCallback                          build/stm32g4xx_hal_dma.o
HAL_DMA_Start                                     build/stm32g4xx_hal_dma.o
HAL_DMA_Start_IT                                  build/stm32g4xx_hal_dma.o
                                                  build/stm32g4xx_hal_uart.o
                                                  build/stm32g4xx_hal_tim_ex.o
                                                  build/stm32g4xx_hal_tim.o
                                                  build/stm32g4xx_hal_spi.o
                                                  build/stm32g4xx_hal_adc_ex.o
                                                  build/stm32g4xx_hal_adc.o
HAL_DMA_UnRegisterCallback                        build/stm32g4xx_hal_dma.o
HAL_DeInit                                        build/stm32g4xx_hal.o
HAL_Delay                                         build/stm32g4xx_hal.o
HAL_EXTI_ClearConfigLine                          build/stm32g4xx_hal_exti.o
HAL_EXTI_ClearPending                             build/stm32g4xx_hal_exti.o
HAL_EXTI_GenerateSWI                              build/stm32g4xx_hal_exti.o
HAL_EXTI_GetConfigLine                            build/stm32g4xx_hal_exti.o
HAL_EXTI_GetHandle                                build/stm32g4xx_hal_exti.o
HAL_EXTI_GetPending                               build/stm32g4xx_hal_exti.o
HAL_EXTI_IRQHandler                               build/stm32g4xx_hal_exti.o
HAL_EXTI_RegisterCallback                         build/stm32g4xx_hal_exti.o
HAL_EXTI_SetConfigLine                            build/stm32g4xx_hal_exti.o
HAL_FLASHEx_DisableDebugger                       build/stm32g4xx_hal_flash_ex.o
HAL_FLASHEx_DisableRunPowerDown                   build/stm32g4xx_hal_flash_ramfunc.o
HAL_FLASHEx_EnableDebugger                        build/stm32g4xx_hal_flash_ex.o
HAL_FLASHEx_EnableRunPowerDown                    build/stm32g4xx_hal_flash_ramfunc.o
HAL_FLASHEx_EnableSecMemProtection                build/stm32g4xx_hal_flash_ex.o
HAL_FLASHEx_Erase                                 build/stm32g4xx_hal_flash_ex.o
HAL_FLASHEx_Erase_IT                              build/stm32g4xx_hal_flash_ex.o
HAL_FLASHEx_OBGetConfig                           build/stm32g4xx_hal_flash_ex.o
HAL_FLASHEx_OBProgram                             build/stm32g4xx_hal_flash_ex.o
HAL_FLASH_EndOfOperationCallback                  build/stm32g4xx_hal_flash.o
HAL_FLASH_GetError                                build/stm32g4xx_hal_flash.o
HAL_FLASH_IRQHandler                              build/stm32g4xx_hal_flash.o
HAL_FLASH_Lock                                    build/stm32g4xx_hal_flash.o
HAL_FLASH_OB_Launch                               build/stm32g4xx_hal_flash.o
HAL_FLASH_OB_Lock                                 build/stm32g4xx_hal_flash.o
HAL_FLASH_OB_Unlock                               build/stm32g4xx_hal_flash.o
HAL_FLASH_OperationErrorCallback                  build/stm32g4xx_hal_flash.o
HAL_FLASH_Program                                 build/stm32g4xx_hal_flash.o
HAL_FLASH_Program_IT                              build/stm32g4xx_hal_flash.o
HAL_FLASH_Unlock                                  build/stm32g4xx_hal_flash.o
HAL_GPIO_DeInit                                   build/stm32g4xx_hal_gpio.o
                                                  build/stm32g4xx_hal_msp.o
HAL_GPIO_EXTI_Callback                            build/stm32g4xx_hal_gpio.o
HAL_GPIO_EXTI_IRQHandler                          build/stm32g4xx_hal_gpio.o
                                                  build/stm32g4xx_it.o
HAL_GPIO_Init                                     build/stm32g4xx_hal_gpio.o
                                                  build/stm32g4xx_hal_rcc_ex.o
                                                  build/stm32g4xx_hal_rcc.o
                                                  build/stm32g4xx_hal_msp.o
                                                  build/main.o
HAL_GPIO_LockPin                                  build/stm32g4xx_hal_gpio.o
HAL_GPIO_ReadPin                                  build/stm32g4xx_hal_gpio.o
                                                  build/motor.o
HAL_GPIO_TogglePin                                build/stm32g4xx_hal_gpio.o
HAL_GPIO_WritePin                                 build/stm32g4xx_hal_gpio.o
                                                  build/motor.o
                                                  build/main.o
HAL_GetDEVID                                      build/stm32g4xx_hal.o
HAL_GetHalVersion                                 build/stm32g4xx_hal.o
HAL_GetREVID                                      build/stm32g4xx_hal.o
HAL_GetTick                                       build/stm32g4xx_hal.o
                                                  build/stm32g4xx_hal_uart_ex.o
                                                  build/stm32g4xx_hal_uart.o
                                                  build/stm32g4xx_hal_tim_ex.o
                                                  build/stm32g4xx_hal_spi.o
                                                  build/stm32g4xx_hal_dma.o
                                                  build/stm32g4xx_hal_flash.o
                                                  build/stm32g4xx_hal_rcc_ex.o
                                                  build/stm32g4xx_hal_rcc.o
                                                  build/stm32g4xx_hal_adc_ex.o
                                                  build/stm32g4xx_hal_adc.o
HAL_GetTickFreq                                   build/stm32g4xx_hal.o
HAL_GetTickPrio                                   build/stm32g4xx_hal.o
HAL_GetUIDw0                                      build/stm32g4xx_hal.o
HAL_GetUIDw1                                      build/stm32g4xx_hal.o
HAL_GetUIDw2                                      build/stm32g4xx_hal.o
HAL_HalfDuplex_EnableReceiver                     build/stm32g4xx_hal_uart.o
HAL_HalfDuplex_EnableTransmitter                  build/stm32g4xx_hal_uart.o
HAL_HalfDuplex_Init                               build/stm32g4xx_hal_uart.o
HAL_IncTick                                       build/stm32g4xx_hal.o
                                                  build/stm32g4xx_it.o
HAL_Init                                          build/stm32g4xx_hal.o
                                                  build/main.o
HAL_InitTick                                      build/stm32g4xx_hal.o
                                                  build/stm32g4xx_hal_rcc.o
HAL_LIN_Init                                      build/stm32g4xx_hal_uart.o
HAL_LIN_SendBreak                                 build/stm32g4xx_hal_uart.o
HAL_MPU_ConfigRegion                              build/stm32g4xx_hal_cortex.o
HAL_MPU_Disable                                   build/stm32g4xx_hal_cortex.o
HAL_MPU_Enable                                    build/stm32g4xx_hal_cortex.o
HAL_MspDeInit                                     build/stm32g4xx_hal.o
HAL_MspInit                                       build/stm32g4xx_hal_msp.o
HAL_MultiProcessorEx_AddressLength_Set            build/stm32g4xx_hal_uart_ex.o
HAL_MultiProcessor_DisableMuteMode                build/stm32g4xx_hal_uart.o
HAL_MultiProcessor_EnableMuteMode                 build/stm32g4xx_hal_uart.o
HAL_MultiProcessor_EnterMuteMode                  build/stm32g4xx_hal_uart.o
HAL_MultiProcessor_Init                           build/stm32g4xx_hal_uart.o
HAL_NVIC_ClearPendingIRQ                          build/stm32g4xx_hal_cortex.o
HAL_NVIC_DisableIRQ                               build/stm32g4xx_hal_cortex.o
                                                  build/stm32g4xx_hal_msp.o
HAL_NVIC_EnableIRQ                                build/stm32g4xx_hal_cortex.o
                                                  build/stm32g4xx_hal_msp.o
                                                  build/main.o
HAL_NVIC_GetActive                                build/stm32g4xx_hal_cortex.o
HAL_NVIC_GetPendingIRQ                            build/stm32g4xx_hal_cortex.o
HAL_NVIC_GetPriority                              build/stm32g4xx_hal_cortex.o
HAL_NVIC_GetPriorityGrouping                      build/stm32g4xx_hal_cortex.o
HAL_NVIC_SetPendingIRQ                            build/stm32g4xx_hal_cortex.o
HAL_NVIC_SetPriority                              build/stm32g4xx_hal_cortex.o
                                                  build/stm32g4xx_hal.o
                                                  build/stm32g4xx_hal_msp.o
                                                  build/main.o
HAL_NVIC_SetPriorityGrouping                      build/stm32g4xx_hal_cortex.o
                                                  build/stm32g4xx_hal.o
HAL_NVIC_SystemReset                              build/stm32g4xx_hal_cortex.o
HAL_PWREx_ConfigPVM                               build/stm32g4xx_hal_pwr_ex.o
HAL_PWREx_ControlVoltageScaling                   build/stm32g4xx_hal_pwr_ex.o
                                                  build/main.o
HAL_PWREx_DisableBatteryCharging                  build/stm32g4xx_hal_pwr_ex.o
HAL_PWREx_DisableGPIOPullDown                     build/stm32g4xx_hal_pwr_ex.o
HAL_PWREx_DisableGPIOPullUp                       build/stm32g4xx_hal_pwr_ex.o
HAL_PWREx_DisableInternalWakeUpLine               build/stm32g4xx_hal_pwr_ex.o
HAL_PWREx_DisableLowPowerRunMode                  build/stm32g4xx_hal_pwr_ex.o
                                                  build/stm32g4xx_hal_pwr.o
HAL_PWREx_DisablePVM1                             build/stm32g4xx_hal_pwr_ex.o
HAL_PWREx_DisablePVM2                             build/stm32g4xx_hal_pwr_ex.o
HAL_PWREx_DisablePVM3                             build/stm32g4xx_hal_pwr_ex.o
HAL_PWREx_DisablePVM4                             build/stm32g4xx_hal_pwr_ex.o
HAL_PWREx_DisablePullUpPullDownConfig             build/stm32g4xx_hal_pwr_ex.o
HAL_PWREx_DisableSRAM2ContentRetention            build/stm32g4xx_hal_pwr_ex.o
HAL_PWREx_DisableUCPDDeadBattery                  build/stm32g4xx_hal_pwr_ex.o
                                                  build/stm32g4xx_hal_msp.o
HAL_PWREx_DisableUCPDStandbyMode                  build/stm32g4xx_hal_pwr_ex.o
HAL_PWREx_EnableBatteryCharging                   build/stm32g4xx_hal_pwr_ex.o
HAL_PWREx_EnableGPIOPullDown                      build/stm32g4xx_hal_pwr_ex.o
HAL_PWREx_EnableGPIOPullUp                        build/stm32g4xx_hal_pwr_ex.o
HAL_PWREx_EnableInternalWakeUpLine                build/stm32g4xx_hal_pwr_ex.o
HAL_PWREx_EnableLowPowerRunMode                   build/stm32g4xx_hal_pwr_ex.o
                                                  build/stm32g4xx_hal_pwr.o
HAL_PWREx_EnablePVM1                              build/stm32g4xx_hal_pwr_ex.o
HAL_PWREx_EnablePVM2                              build/stm32g4xx_hal_pwr_ex.o
HAL_PWREx_EnablePVM3                              build/stm32g4xx_hal_pwr_ex.o
HAL_PWREx_EnablePVM4                              build/stm32g4xx_hal_pwr_ex.o
HAL_PWREx_EnablePullUpPullDownConfig              build/stm32g4xx_hal_pwr_ex.o
HAL_PWREx_EnableSRAM2ContentRetention             build/stm32g4xx_hal_pwr_ex.o
HAL_PWREx_EnableUCPDDeadBattery                   build/stm32g4xx_hal_pwr_ex.o
HAL_PWREx_EnableUCPDStandbyMode                   build/stm32g4xx_hal_pwr_ex.o
HAL_PWREx_EnterSHUTDOWNMode                       build/stm32g4xx_hal_pwr_ex.o
HAL_PWREx_EnterSTOP0Mode                          build/stm32g4xx_hal_pwr_ex.o
                                                  build/stm32g4xx_hal_pwr.o
HAL_PWREx_EnterSTOP1Mode                          build/stm32g4xx_hal_pwr_ex.o
                                                  build/stm32g4xx_hal_pwr.o